Archive member included to satisfy reference by file (symbol)

c:/devkitPro/libctru/lib\libsftd.a(sftd.o)
                              main.o (sftd_init)
c:/devkitPro/libctru/lib\libsftd.a(texture_atlas.o)
                              c:/devkitPro/libctru/lib\libsftd.a(sftd.o) (texture_atlas_create)
c:/devkitPro/libctru/lib\libsftd.a(bin_packing_2d.o)
                              c:/devkitPro/libctru/lib\libsftd.a(texture_atlas.o) (bp2d_create)
c:/devkitPro/libctru/lib\libsftd.a(int_htab.o)
                              c:/devkitPro/libctru/lib\libsftd.a(texture_atlas.o) (int_htab_create)
c:/devkitPro/portlibs/armv6k/lib\libfreetype.a(ftinit.o)
                              c:/devkitPro/libctru/lib\libsftd.a(sftd.o) (FT_Init_FreeType)
c:/devkitPro/portlibs/armv6k/lib\libfreetype.a(ftbase.o)
                              c:/devkitPro/libctru/lib\libsftd.a(sftd.o) (FT_Get_Kerning)
c:/devkitPro/portlibs/armv6k/lib\libfreetype.a(truetype.o)
                              c:/devkitPro/portlibs/armv6k/lib\libfreetype.a(ftinit.o) (tt_driver_class)
c:/devkitPro/portlibs/armv6k/lib\libfreetype.a(type1.o)
                              c:/devkitPro/portlibs/armv6k/lib\libfreetype.a(ftinit.o) (t1_driver_class)
c:/devkitPro/portlibs/armv6k/lib\libfreetype.a(cff.o)
                              c:/devkitPro/portlibs/armv6k/lib\libfreetype.a(ftinit.o) (cff_driver_class)
c:/devkitPro/portlibs/armv6k/lib\libfreetype.a(type1cid.o)
                              c:/devkitPro/portlibs/armv6k/lib\libfreetype.a(ftinit.o) (t1cid_driver_class)
c:/devkitPro/portlibs/armv6k/lib\libfreetype.a(pfr.o)
                              c:/devkitPro/portlibs/armv6k/lib\libfreetype.a(ftinit.o) (pfr_driver_class)
c:/devkitPro/portlibs/armv6k/lib\libfreetype.a(type42.o)
                              c:/devkitPro/portlibs/armv6k/lib\libfreetype.a(ftinit.o) (t42_driver_class)
c:/devkitPro/portlibs/armv6k/lib\libfreetype.a(winfnt.o)
                              c:/devkitPro/portlibs/armv6k/lib\libfreetype.a(ftinit.o) (winfnt_driver_class)
c:/devkitPro/portlibs/armv6k/lib\libfreetype.a(pcf.o)
                              c:/devkitPro/portlibs/armv6k/lib\libfreetype.a(ftinit.o) (pcf_driver_class)
c:/devkitPro/portlibs/armv6k/lib\libfreetype.a(bdf.o)
                              c:/devkitPro/portlibs/armv6k/lib\libfreetype.a(ftinit.o) (bdf_driver_class)
c:/devkitPro/portlibs/armv6k/lib\libfreetype.a(sfnt.o)
                              c:/devkitPro/portlibs/armv6k/lib\libfreetype.a(ftinit.o) (sfnt_module_class)
c:/devkitPro/portlibs/armv6k/lib\libfreetype.a(autofit.o)
                              c:/devkitPro/portlibs/armv6k/lib\libfreetype.a(ftinit.o) (autofit_module_class)
c:/devkitPro/portlibs/armv6k/lib\libfreetype.a(pshinter.o)
                              c:/devkitPro/portlibs/armv6k/lib\libfreetype.a(ftinit.o) (pshinter_module_class)
c:/devkitPro/portlibs/armv6k/lib\libfreetype.a(raster.o)
                              c:/devkitPro/portlibs/armv6k/lib\libfreetype.a(ftinit.o) (ft_raster1_renderer_class)
c:/devkitPro/portlibs/armv6k/lib\libfreetype.a(smooth.o)
                              c:/devkitPro/portlibs/armv6k/lib\libfreetype.a(ftinit.o) (ft_smooth_lcdv_renderer_class)
c:/devkitPro/portlibs/armv6k/lib\libfreetype.a(ftcache.o)
                              c:/devkitPro/libctru/lib\libsftd.a(sftd.o) (FTC_Manager_LookupFace)
c:/devkitPro/portlibs/armv6k/lib\libfreetype.a(ftgzip.o)
                              c:/devkitPro/portlibs/armv6k/lib\libfreetype.a(pcf.o) (FT_Stream_OpenGzip)
c:/devkitPro/portlibs/armv6k/lib\libfreetype.a(ftlzw.o)
                              c:/devkitPro/portlibs/armv6k/lib\libfreetype.a(pcf.o) (FT_Stream_OpenLZW)
c:/devkitPro/portlibs/armv6k/lib\libfreetype.a(psaux.o)
                              c:/devkitPro/portlibs/armv6k/lib\libfreetype.a(ftinit.o) (psaux_module_class)
c:/devkitPro/portlibs/armv6k/lib\libfreetype.a(psnames.o)
                              c:/devkitPro/portlibs/armv6k/lib\libfreetype.a(ftinit.o) (psnames_module_class)
c:/devkitPro/portlibs/armv6k/lib\libfreetype.a(ftsystem.o)
                              c:/devkitPro/portlibs/armv6k/lib\libfreetype.a(ftbase.o) (FT_Stream_Open)
c:/devkitPro/portlibs/armv6k/lib\libfreetype.a(ftbitmap.o)
                              c:/devkitPro/portlibs/armv6k/lib\libfreetype.a(sfnt.o) (FT_Bitmap_Init)
c:/devkitPro/portlibs/armv6k/lib\libfreetype.a(ftglyph.o)
                              c:/devkitPro/portlibs/armv6k/lib\libfreetype.a(ftcache.o) (FT_Get_Glyph)
c:/devkitPro/portlibs/armv6k/lib\libz.a(inflate.o)
                              c:/devkitPro/portlibs/armv6k/lib\libfreetype.a(ftgzip.o) (inflateReset)
c:/devkitPro/portlibs/armv6k/lib\libz.a(inftrees.o)
                              c:/devkitPro/portlibs/armv6k/lib\libz.a(inflate.o) (inflate_table)
c:/devkitPro/portlibs/armv6k/lib\libz.a(zutil.o)
[...]
Memory Configuration

Name             Origin             Length             Attributes
*default*        0x00000000         0xffffffff

Linker script and memory map

                0x00100000                . = 0x100000
                0x00100000                __start__ = .

.text           0x00100000    0x8a6b0
 *(.crt0)
 .crt0          0x00100000       0x94 c:/devkitpro/devkitarm/bin/../lib/gcc/arm-none-eabi/5.3.0/../../../../arm-none-eabi/lib/armv6k/fpu/3dsx_crt0.o
                0x00100000                _start
                0x00100008                __service_ptr
                0x0010000c                __apt_appid
                0x00100010                __heap_size
                0x00100014                __linear_heap_size
                0x00100018                __system_arglist
                0x0010001c                __system_runflags
 *(.init)
 .init          0x00100094        0xc c:/devkitpro/devkitarm/bin/../lib/gcc/arm-none-eabi/5.3.0/armv6k/fpu/crti.o
                0x00100094                _init
 .init          0x001000a0        0xc c:/devkitpro/devkitarm/bin/../lib/gcc/arm-none-eabi/5.3.0/armv6k/fpu/crtn.o
                0x001000ac                . = ALIGN (0x4)
 *(.text)
 .text          0x001000ac      0x108 c:/devkitpro/devkitarm/bin/../lib/gcc/arm-none-eabi/5.3.0/armv6k/fpu/crtbegin.o
 .text          0x001001b4       0xc8 c:/devkitPro/portlibs/armv6k/lib\libfreetype.a(ftinit.o)
                0x001001b4                FT_Add_Default_Modules
                0x001001e4                FT_Init_FreeType
                0x00100250                FT_Done_FreeType
 .text          0x0010027c     0xd0bc c:/devkitPro/portlibs/armv6k/lib\libfreetype.a(ftbase.o)
                0x00100da8                FT_RoundFix
                0x00100dbc                FT_CeilFix
                0x00100dd0                FT_FloorFix
                0x00100ddc                FT_Hypot
                0x00100f00                FT_MulDiv
                0x00101000                FT_MulDiv_No_Round
                0x001010e0                FT_MulFix
                0x00101100                FT_DivFix
                0x00101210                FT_Matrix_Multiply
                0x00101340                FT_Matrix_Invert
                0x00101404                FT_Matrix_Multiply_Scaled
                0x0010150c                FT_Vector_Transform_Scaled
                0x00101764                FT_Vector_NormLen
                0x00101918                ft_corner_orientation
                0x00101a2c                ft_corner_is_flat
                0x00101abc                FT_GlyphLoader_New
                0x00101b00                FT_GlyphLoader_Rewind
                0x00101b38                FT_GlyphLoader_Reset
                0x00102208                FT_GlyphLoader_Done
                0x0010230c                FT_GlyphLoader_CreateExtra
                0x001023ec                FT_GlyphLoader_CheckSubGlyphs
                0x00102518                FT_GlyphLoader_Prepare
                0x00102594                FT_GlyphLoader_Add
                0x001027c8                ft_service_list_lookup
                0x00102828                ft_validator_init
                0x00102840                ft_validator_run
                0x00102848                ft_validator_error
                0x0010285c                FT_Stream_New
                0x00102974                FT_Stream_Free
                0x001029b8                ft_glyphslot_free_bitmap
                0x00102a1c                ft_glyphslot_set_bitmap
                0x00102a74                ft_glyphslot_alloc_bitmap
                0x00102b24                FT_New_GlyphSlot
                0x00102c90                FT_Done_GlyphSlot
                0x00102d24                FT_Set_Transform
                0x00102dd8                FT_Attach_File
                0x00102ed8                FT_Attach_Stream
                0x0010306c                FT_Reference_Face
                0x0010308c                FT_Done_Face
                0x00103160                FT_New_Size
                0x001032e0                FT_Done_Size
                0x00103418                FT_Match_Size
                0x00103548                ft_synthesize_vertical_metrics
                0x001035b8                FT_Select_Metrics
                0x00103854                FT_Request_Metrics
                0x00103be0                FT_Select_Size
                0x00103c4c                FT_Request_Size
                0x00103cdc                FT_Set_Char_Size
                0x00103da4                FT_Set_Pixel_Sizes
                0x00103e78                FT_Get_Kerning
                0x00103fa0                FT_Get_Track_Kerning
                0x00104020                FT_Select_Charmap
                0x00104130                FT_Set_Charmap
                0x00104218                FT_Get_Charmap_Index
                0x00104284                FT_Get_Char_Index
                0x001042cc                FT_Get_First_Char
                0x00104390                FT_Get_Next_Char
                0x00104428                FT_Face_GetCharVariantIndex
                0x00104538                FT_Face_GetCharVariantIsDefault
                0x00104620                FT_Face_GetVariantSelectors
                0x00104700                FT_Face_GetVariantsOfChar
                0x001047e8                FT_Face_GetCharsOfVariant
                0x001048d0                FT_Get_Name_Index
                0x0010497c                FT_Get_Glyph_Name
                0x00104a68                FT_Get_Postscript_Name
                0x00104af0                FT_Get_Sfnt_Table
                0x00104b5c                FT_Load_Sfnt_Table
                0x00104be0                FT_Sfnt_Table_Info
                0x00104c6c                FT_Get_CMap_Language_ID
                0x00104cec                FT_Get_CMap_Format
                0x00104d68                FT_Activate_Size
                0x00104da4                FT_Lookup_Renderer
                0x00104e08                FT_Get_Renderer
                0x00104e58                FT_Set_Renderer
                0x00104f58                FT_Render_Glyph_Internal
                0x00105050                FT_Render_Glyph
                0x00105080                FT_Get_Module
                0x001050ec                FT_Get_Module_Interface
                0x0010515c                ft_module_get_service
                0x001051e0                FT_Remove_Module
                0x00105204                FT_Property_Set
                0x001052f8                FT_Property_Get
                0x001053ec                FT_Reference_Library
                0x00105408                FT_New_Library
                0x00105484                FT_Library_Version
                0x001054bc                FT_Done_Library
                0x00105688                FT_Set_Debug_Hook
                0x001056b4                FT_Get_TrueType_Engine_Type
                0x00105788                FT_Get_SubGlyph_Info
                0x0010581c                FT_Outline_Decompose
                0x00105c2c                FT_Outline_Check
                0x00105cd4                FT_Outline_Copy
                0x00105d7c                FT_Outline_Done_Internal
                0x00105e28                FT_Outline_Done
                0x00105ee8                FT_Outline_Get_CBox
                0x00105f84                FT_Outline_Translate
                0x00105fd8                FT_Outline_Reverse
                0x001060a4                FT_Outline_Render
                0x00106174                FT_Outline_Get_Bitmap
                0x00106250                FT_Vector_Transform
                0x001062f8                FT_Outline_Transform
                0x00106a94                FT_Load_Glyph
                0x00106e50                FT_Get_Advances
                0x00106ec8                FT_Get_Advance
                0x001071c8                FT_Load_Char
                0x0010722c                FT_Outline_Get_Orientation
                0x00107378                FT_Outline_EmboldenXY
                0x0010775c                FT_Outline_Embolden
                0x00107764                FT_Raccess_Guess
                0x0010787c                FT_Get_Sfnt_Name_Count
                0x001078a0                FT_Stream_OpenMemory
                0x001078b8                FT_Stream_Close
                0x001078d0                FT_Stream_Seek
                0x0010791c                FT_Stream_Skip
                0x00107980                FT_Stream_Pos
                0x00107988                FT_Stream_Read
                0x00107a0c                FT_Stream_ReadAt
                0x00107a8c                FT_Stream_TryRead
                0x00107afc                FT_Stream_ExtractFrame
                0x00107c3c                FT_Stream_ReleaseFrame
                0x00107c7c                FT_Stream_EnterFrame
                0x00107d9c                FT_Stream_ExitFrame
                0x00107de0                FT_Stream_GetChar
                0x00107e04                FT_Stream_GetUShort
                0x00107e34                FT_Stream_GetUShortLE
                0x00107e64                FT_Stream_GetUOffset
                0x00107ea0                FT_Stream_GetULong
                0x00107ee4                FT_Stream_GetULongLE
                0x00107f28                FT_Stream_ReadChar
                0x00107fb8                FT_Stream_ReadUShort
                0x00108050                FT_Raccess_Get_HeaderInfo
                0x001082c0                FT_Stream_ReadUShortLE
                0x00108358                FT_Stream_ReadUOffset
                0x001083fc                FT_Stream_ReadULong
                0x00108f78                FT_Stream_ReadULongLE
                0x00109024                FT_Stream_ReadFields
                0x00109298                FT_Cos
                0x00109364                FT_Sin
                0x00109430                FT_Tan
                0x00109508                FT_Atan2
                0x00109570                FT_Vector_Unit
                0x00109658                FT_Vector_Rotate
                0x001098a0                FT_Vector_Length
                0x001099e8                FT_Vector_Polarize
                0x00109b38                FT_Vector_From_Polar
                0x00109d6c                FT_Angle_Diff
                0x00109da8                ft_mem_alloc
                0x00109e08                FT_Add_Module
                0x0010a118                ft_mem_qalloc
                0x0010a15c                ft_mem_realloc
                0x0010a260                FT_GlyphLoader_CheckPoints
                0x0010a488                FT_CMap_Done
                0x0010a5bc                FT_CMap_New
                0x0010a728                FT_Outline_New_Internal
                0x0010a88c                FT_Raccess_Get_DataOffsets
                0x0010b7e0                FT_Open_Face
                0x0010c108                FT_New_Face
                0x0010c148                FT_New_Memory_Face
                0x0010c8a8                FT_Get_Sfnt_Name
                0x0010c9f8                FT_Outline_New
                0x0010cb3c                FT_GlyphLoader_CopyPoints
                0x0010cea4                ft_mem_qrealloc
                0x0010cfc4                ft_mem_free
                0x0010cfd4                ft_mem_dup
                0x0010d044                ft_mem_strdup
                0x0010d0d0                ft_mem_strcpyn
                0x0010d134                FT_List_Find
                0x0010d178                FT_List_Add
                0x0010d1ac                FT_List_Insert
                0x0010d1e0                FT_List_Remove
                0x0010d210                FT_List_Up
                0x0010d254                FT_List_Iterate
                0x0010d2a8                FT_List_Finalize
 .text          0x0010d338     0xc09c c:/devkitPro/portlibs/armv6k/lib\libfreetype.a(truetype.o)
                0x001138b4                TT_RunIns
                0x00117bec                TT_New_Context
 .text          0x001193d4     0x5bfc c:/devkitPro/portlibs/armv6k/lib\libfreetype.a(type1.o)
 .text          0x0011efd0     0xe128 c:/devkitPro/portlibs/armv6k/lib\libfreetype.a(cff.o)
 .text          0x0012d0f8     0x1c90 c:/devkitPro/portlibs/armv6k/lib\libfreetype.a(type1cid.o)
 .text          0x0012ed88     0x3318 c:/devkitPro/portlibs/armv6k/lib\libfreetype.a(pfr.o)
 .text          0x001320a0     0x1e58 c:/devkitPro/portlibs/armv6k/lib\libfreetype.a(type42.o)
 .text          0x00133ef8     0x10e4 c:/devkitPro/portlibs/armv6k/lib\libfreetype.a(winfnt.o)
 .text          0x00134fdc     0x21b0 c:/devkitPro/portlibs/armv6k/lib\libfreetype.a(pcf.o)
 .text          0x0013718c     0x5210 c:/devkitPro/portlibs/armv6k/lib\libfreetype.a(bdf.o)
 .text          0x0013c39c     0xa014 c:/devkitPro/portlibs/armv6k/lib\libfreetype.a(sfnt.o)
 .text          0x001463b0     0x8d0c c:/devkitPro/portlibs/armv6k/lib\libfreetype.a(autofit.o)
                0x0014f078                af_get_coverage
                0x0014f080                af_get_char_index
 .text          0x0014f0bc     0x4408 c:/devkitPro/portlibs/armv6k/lib\libfreetype.a(pshinter.o)
                0x0015204c                ps_hints_apply
 .text          0x001534c4      0xc64 c:/devkitPro/portlibs/armv6k/lib\libfreetype.a(raster.o)
 .text          0x00154128     0x263c c:/devkitPro/portlibs/armv6k/lib\libfreetype.a(smooth.o)
 .text          0x00156764     0x3c7c c:/devkitPro/portlibs/armv6k/lib\libfreetype.a(ftcache.o)
                0x001586d8                FTC_Manager_LookupSize
                0x0015882c                FTC_Manager_LookupFace
                0x001588f4                FTC_Manager_New
                0x001589f8                FTC_Manager_Done
                0x00158b5c                FTC_Manager_Reset
                0x00158cb0                FTC_Manager_RemoveFaceID
                0x00158f64                FTC_Node_Unref
                0x00158f8c                FTC_CMapCache_New
                0x00159088                FTC_CMapCache_Lookup
                0x00159320                FTC_ImageCache_New
                0x0015941c                FTC_ImageCache_Lookup
                0x00159738                FTC_ImageCache_LookupScaler
                0x00159afc                FTC_SBitCache_New
                0x00159bf8                FTC_SBitCache_Lookup
                0x00159f9c                FTC_SBitCache_LookupScaler
 .text          0x0015a3e0      0x9a4 c:/devkitPro/portlibs/armv6k/lib\libfreetype.a(ftgzip.o)
                0x0015a6f0                FT_Stream_OpenGzip
                0x0015ac7c                FT_Gzip_Uncompress
 .text          0x0015ad84     0x14a8 c:/devkitPro/portlibs/armv6k/lib\libfreetype.a(ftlzw.o)
                0x0015afac                FT_Stream_OpenLZW
                0x0015b194                ft_lzwstate_reset
                0x0015b1c0                ft_lzwstate_init
                0x0015b22c                ft_lzwstate_done
                0x0015b29c                ft_lzwstate_io
 .text          0x0015c22c     0x6bb4 c:/devkitPro/portlibs/armv6k/lib\libfreetype.a(psaux.o)
 .text          0x00162de0      0xa78 c:/devkitPro/portlibs/armv6k/lib\libfreetype.a(psnames.o)
 .text          0x00163858      0x194 c:/devkitPro/portlibs/armv6k/lib\libfreetype.a(ftsystem.o)
                0x001638f4                FT_Stream_Open
                0x001639a4                FT_New_Memory
                0x001639e8                FT_Done_Memory
 .text          0x001639ec      0xf78 c:/devkitPro/portlibs/armv6k/lib\libfreetype.a(ftbitmap.o)
                0x001639ec                FT_Bitmap_Init
                0x00163a1c                FT_Bitmap_New
                0x00163a4c                FT_Bitmap_Copy
                0x00163bf8                FT_Bitmap_Convert
                0x0016411c                FT_Bitmap_Embolden
                0x00164854                FT_GlyphSlot_Own_Bitmap
                0x00164908                FT_Bitmap_Done
 .text          0x00164964      0x840 c:/devkitPro/portlibs/armv6k/lib\libfreetype.a(ftglyph.o)
                0x00164b7c                FT_Glyph_Copy
                0x00164c70                FT_Get_Glyph
                0x00164d90                FT_Glyph_Transform
                0x00164df4                FT_Glyph_Get_CBox
                0x00164e98                FT_Done_Glyph
                0x00164ecc                FT_Glyph_To_Bitmap
 .text          0x001651a4     0x2c58 c:/devkitPro/portlibs/armv6k/lib\libz.a(inflate.o)
                0x001651a4                inflateResetKeep
                0x00165234                inflateReset
                0x001652d0                inflateReset2
                0x001653f0                inflateInit2_
                0x00165578                inflateInit_
                0x001656dc                inflatePrime
                0x00165754                inflate
                0x001675f0                inflateEnd
                0x00167654                inflateGetDictionary
                0x001676ec                inflateSetDictionary
                0x00167894                inflateGetHeader
                0x001678d0                inflateSync
                0x00167b88                inflateSyncPoint
                0x00167bc8                inflateCopy
                0x00167d74                inflateUndermine
                0x00167da4                inflateMark
 .text          0x00167dfc      0xbf4 c:/devkitPro/portlibs/armv6k/lib\libz.a(inftrees.o)
                0x00167dfc                inflate_table
 .text          0x001689f0       0x38 c:/devkitPro/portlibs/armv6k/lib\libz.a(zutil.o)
                0x001689f0                zlibVersion
                0x001689fc                zlibCompileFlags
                0x00168a04                zError
                0x00168a18                zcalloc
                0x00168a20                zcfree
 .text          0x00168a28      0x5c0 c:/devkitPro/portlibs/armv6k/lib\libz.a(adler32.o)
                0x00168a28                adler32
                0x00168e70                adler32_combine
                0x00168f2c                adler32_combine64
 .text          0x00168fe8      0x5d8 c:/devkitPro/portlibs/armv6k/lib\libz.a(crc32.o)
                0x001691fc                get_crc_table
                0x00169208                crc32
                0x001695b8                crc32_combine
                0x001695bc                crc32_combine64
 .text          0x001695c0      0xbe4 c:/devkitPro/portlibs/armv6k/lib\libz.a(inffast.o)
                0x001695c0                inflate_fast
 .text          0x0016a1a4       0x64 c:/devkitPro/libctru/lib\libctru.a(stack_adjust.o)
                0x0016a1a4                initSystem
                0x0016a1e8                __ctru_exit
 .text          0x0016a208      0x20c c:/devkitpro/devkitarm/bin/../lib/gcc/arm-none-eabi/5.3.0/armv6k/fpu\libgcc.a(_udivsi3.o)
                0x0016a208                __aeabi_uidiv
                0x0016a208                __udivsi3
                0x0016a3f4                __aeabi_uidivmod
 .text          0x0016a414      0x240 c:/devkitpro/devkitarm/bin/../lib/gcc/arm-none-eabi/5.3.0/armv6k/fpu\libgcc.a(_divsi3.o)
                0x0016a414                __divsi3
                0x0016a414                __aeabi_idiv
                0x0016a634                __aeabi_idivmod
 .text          0x0016a654        0x4 c:/devkitpro/devkitarm/bin/../lib/gcc/arm-none-eabi/5.3.0/armv6k/fpu\libgcc.a(_dvmd_tls.o)
                0x0016a654                __aeabi_idiv0
                0x0016a654                __aeabi_ldiv0
 .text          0x0016a658      0x250 c:/devkitpro/devkitarm/bin/../lib/gcc/arm-none-eabi/5.3.0/armv6k/fpu\libgcc.a(_arm_addsubsf3.o)
                0x0016a658                __aeabi_frsub
                0x0016a660                __subsf3
                0x0016a660                __aeabi_fsub
                0x0016a664                __aeabi_fadd
                0x0016a664                __addsf3
                0x0016a7f4                __aeabi_ui2f
                0x0016a7f4                __floatunsisf
                0x0016a7fc                __aeabi_i2f
                0x0016a7fc                __floatsisf
                0x0016a81c                __aeabi_ul2f
                0x0016a81c                __floatundisf
                0x0016a82c                __aeabi_l2f
                0x0016a82c                __floatdisf
 .text          0x0016a8a8       0x3c c:/devkitpro/devkitarm/bin/../lib/gcc/arm-none-eabi/5.3.0/armv6k/fpu\libgcc.a(_aeabi_uldivmod.o)
                0x0016a8a8                __aeabi_uldivmod
 .text          0x0016a8e4      0x128 c:/devkitpro/devkitarm/bin/../lib/gcc/arm-none-eabi/5.3.0/armv6k/fpu\libgcc.a(_udivmoddi4.o)
                0x0016a8e4                __udivmoddi4
 .text          0x0016aa0c       0x2c c:/devkitpro/devkitarm/bin/../lib/gcc/arm-none-eabi/5.3.0/../../../../arm-none-eabi/lib/armv6k/fpu\libg.a(lib_a-setjmp.o)
                0x0016aa0c                setjmp
                0x0016aa20                longjmp
 *fill*         0x0016aa38        0x8 
 .text          0x0016aa40      0x3a0 c:/devkitpro/devkitarm/bin/../lib/gcc/arm-none-eabi/5.3.0/../../../../arm-none-eabi/lib/armv6k/fpu\libg.a(lib_a-strcmp.o)
                0x0016aa48                strcmp
 .text          0x0016ade0      0x1c4 c:/devkitpro/devkitarm/bin/../lib/gcc/arm-none-eabi/5.3.0/../../../../arm-none-eabi/lib/armv6k/fpu\libsysbase.a(iosupport.o)
                0x0016ade8                setDefaultDevice
                0x0016ae00                FindDevice
                0x0016aebc                RemoveDevice
                0x0016aee8                AddDevice
                0x0016af80                GetDeviceOpTab
 .text          0x0016afa4       0x7c c:/devkitpro/devkitarm/bin/../lib/gcc/arm-none-eabi/5.3.0/../../../../arm-none-eabi/lib/armv6k/fpu\libsysbase.a(close.o)
                0x0016afa4                _close_r
 .text          0x0016b020       0x6c c:/devkitpro/devkitarm/bin/../lib/gcc/arm-none-eabi/5.3.0/../../../../arm-none-eabi/lib/armv6k/fpu\libsysbase.a(fstat.o)
                0x0016b020                _fstat_r
 .text          0x0016b08c       0x2c c:/devkitpro/devkitarm/bin/../lib/gcc/arm-none-eabi/5.3.0/../../../../arm-none-eabi/lib/armv6k/fpu\libsysbase.a(gettod.o)
                0x0016b08c                _gettimeofday_r
 .text          0x0016b0b8        0x8 c:/devkitpro/devkitarm/bin/../lib/gcc/arm-none-eabi/5.3.0/../../../../arm-none-eabi/lib/armv6k/fpu\libsysbase.a(isatty.o)
                0x0016b0b8                _isatty_r
 .text          0x0016b0c0       0x78 c:/devkitpro/devkitarm/bin/../lib/gcc/arm-none-eabi/5.3.0/../../../../arm-none-eabi/lib/armv6k/fpu\libsysbase.a(lseek.o)
                0x0016b0c0                _lseek_r
 .text          0x0016b138       0xc8 c:/devkitpro/devkitarm/bin/../lib/gcc/arm-none-eabi/5.3.0/../../../../arm-none-eabi/lib/armv6k/fpu\libsysbase.a(open.o)
                0x0016b138                _open_r
 .text          0x0016b200       0x78 c:/devkitpro/devkitarm/bin/../lib/gcc/arm-none-eabi/5.3.0/../../../../arm-none-eabi/lib/armv6k/fpu\libsysbase.a(read.o)
                0x0016b200                _read_r
 .text          0x0016b278       0x70 c:/devkitpro/devkitarm/bin/../lib/gcc/arm-none-eabi/5.3.0/../../../../arm-none-eabi/lib/armv6k/fpu\libsysbase.a(sbrk.o)
                0x0016b278                _sbrk_r
 .text          0x0016b2e8       0x78 c:/devkitpro/devkitarm/bin/../lib/gcc/arm-none-eabi/5.3.0/../../../../arm-none-eabi/lib/armv6k/fpu\libsysbase.a(write.o)
                0x0016b2e8                _write_r
 .text          0x0016b360      0x3b0 c:/devkitpro/devkitarm/bin/../lib/gcc/arm-none-eabi/5.3.0/../../../../arm-none-eabi/lib/armv6k/fpu\libsysbase.a(chdir.o)
                0x0016b360                _concatenate_path
                0x0016b51c                chdir
                0x0016b670                getcwd
 .text          0x0016b710       0x10 c:/devkitpro/devkitarm/bin/../lib/gcc/arm-none-eabi/5.3.0/../../../../arm-none-eabi/lib/armv6k/fpu\libsysbase.a(flock.o)
                0x0016b710                __flockfile
                0x0016b718                __funlockfile
 .text          0x0016b720      0x108 c:/devkitpro/devkitarm/bin/../lib/gcc/arm-none-eabi/5.3.0/../../../../arm-none-eabi/lib/armv6k/fpu\libsysbase.a(syscall_support.o)
                0x0016b720                __libc_lock_init
                0x0016b738                __libc_lock_acquire
                0x0016b750                __libc_lock_try_acquire
                0x0016b774                __libc_lock_release
                0x0016b78c                __libc_lock_close
                0x0016b7a4                __libc_lock_init_recursive
                0x0016b7bc                __libc_lock_acquire_recursive
                0x0016b7d4                __libc_lock_try_acquire_recursive
                0x0016b7f8                __libc_lock_release_recursive
                0x0016b810                __libc_lock_close_recursive
 .text          0x0016b828      0x2c4 c:/devkitpro/devkitarm/bin/../lib/gcc/arm-none-eabi/5.3.0/../../../../arm-none-eabi/lib/armv6k/fpu\libsysbase.a(handle_manager.o)
                0x0016b828                __free_handle
                0x0016b86c                __release_handle
                0x0016b8a8                __alloc_handle
                0x0016b920                __get_handle
                0x0016b93c                dup
                0x0016b9e0                dup2
 .text          0x0016baec       0x28 c:/devkitpro/devkitarm/bin/../lib/gcc/arm-none-eabi/5.3.0/../../../../arm-none-eabi/lib/armv6k/fpu\libsysbase.a(getreent.o)
                0x0016baec                __getreent
 *(.text.*)
 .text.setupTilteScreen
                0x0016bb14      0x1d8 main.o
                0x0016bb14                setupTilteScreen
 .text.prepairGame
                0x0016bcec       0xf0 main.o
                0x0016bcec                prepairGame
 .text.getFinalScore
                0x0016bddc      0x128 main.o
                0x0016bddc                getFinalScore
 .text.nextPlayer
                0x0016bf04      0x1d4 main.o
                0x0016bf04                nextPlayer
 .text.rotate   0x0016c0d8      0x300 main.o
                0x0016c0d8                rotate
 .text.legalMove
                0x0016c3d8      0x254 main.o
                0x0016c3d8                legalMove
 .text.startup.main
                0x0016c62c     0x11c8 main.o
                0x0016c62c                main
 .text.atlas_add_glyph
                0x0016d7f4      0x11c c:/devkitPro/libctru/lib\libsftd.a(sftd.o)
 .text.ftc_face_requester
                0x0016d910       0x54 c:/devkitPro/libctru/lib\libsftd.a(sftd.o)
 .text.sftd_init
                0x0016d964       0x40 c:/devkitPro/libctru/lib\libsftd.a(sftd.o)
                0x0016d964                sftd_init
 .text.sftd_fini
                0x0016d9a4       0x44 c:/devkitPro/libctru/lib\libsftd.a(sftd.o)
                0x0016d9a4                sftd_fini
 .text.sftd_load_font_mem
                0x0016d9e8       0xc4 c:/devkitPro/libctru/lib\libsftd.a(sftd.o)
                0x0016d9e8                sftd_load_font_mem
 .text.sftd_free_font
                0x0016daac       0x50 c:/devkitPro/libctru/lib\libsftd.a(sftd.o)
                0x0016daac                sftd_free_font
 .text.sftd_draw_text
                0x0016dafc      0x258 c:/devkitPro/libctru/lib\libsftd.a(sftd.o)
                0x0016dafc                sftd_draw_text
 .text.sftd_draw_textf
                0x0016dd54       0x60 c:/devkitPro/libctru/lib\libsftd.a(sftd.o)
                0x0016dd54                sftd_draw_textf
 .text.sftd_get_text_width
                0x0016ddb4      0x1ac c:/devkitPro/libctru/lib\libsftd.a(sftd.o)
                0x0016ddb4                sftd_get_text_width
 .text.texture_atlas_create
                0x0016df60       0x88 c:/devkitPro/libctru/lib\libsftd.a(texture_atlas.o)
                0x0016df60                texture_atlas_create
 .text.texture_atlas_free
                0x0016dfe8       0x2c c:/devkitPro/libctru/lib\libsftd.a(texture_atlas.o)
                0x0016dfe8                texture_atlas_free
 .text.texture_atlas_insert
                0x0016e014      0x114 c:/devkitPro/libctru/lib\libsftd.a(texture_atlas.o)
                0x0016e014                texture_atlas_insert
 .text.texture_atlas_exists
                0x0016e128       0x18 c:/devkitPro/libctru/lib\libsftd.a(texture_atlas.o)
                0x0016e128                texture_atlas_exists
 .text.texture_atlas_get
                0x0016e140       0x70 c:/devkitPro/libctru/lib\libsftd.a(texture_atlas.o)
                0x0016e140                texture_atlas_get
 .text.bp2d_create
                0x0016e1b0       0x4c c:/devkitPro/libctru/lib\libsftd.a(bin_packing_2d.o)
                0x0016e1b0                bp2d_create
 .text.bp2d_free
                0x0016e1fc       0x34 c:/devkitPro/libctru/lib\libsftd.a(bin_packing_2d.o)
                0x0016e1fc                bp2d_free
 .text.bp2d_insert
                0x0016e230      0x15c c:/devkitPro/libctru/lib\libsftd.a(bin_packing_2d.o)
                0x0016e230                bp2d_insert
 .text.int_htab_create
                0x0016e38c       0x3c c:/devkitPro/libctru/lib\libsftd.a(int_htab.o)
                0x0016e38c                int_htab_create
 .text.int_htab_free
                0x0016e3c8       0x4c c:/devkitPro/libctru/lib\libsftd.a(int_htab.o)
                0x0016e3c8                int_htab_free
 .text.int_htab_insert
                0x0016e414       0xf8 c:/devkitPro/libctru/lib\libsftd.a(int_htab.o)
                0x0016e414                int_htab_insert
 .text.int_htab_resize
                0x0016e50c       0x68 c:/devkitPro/libctru/lib\libsftd.a(int_htab.o)
                0x0016e50c                int_htab_resize
 .text.int_htab_find
                0x0016e574       0xa0 c:/devkitPro/libctru/lib\libsftd.a(int_htab.o)
                0x0016e574                int_htab_find
 .text.unlikely
                0x0016e614      0xa78 c:/devkitPro/portlibs/armv6k/lib\libfreetype.a(truetype.o)
 .text.unlikely
                0x0016f08c      0xa68 c:/devkitPro/portlibs/armv6k/lib\libfreetype.a(cff.o)
 .text.unlikely
                0x0016faf4       0x34 c:/devkitPro/portlibs/armv6k/lib\libfreetype.a(type42.o)
 .text.unlikely
                0x0016fb28     0x1044 c:/devkitPro/portlibs/armv6k/lib\libfreetype.a(autofit.o)
 .text.unlikely
                0x00170b6c     0x17f4 c:/devkitPro/portlibs/armv6k/lib\libfreetype.a(raster.o)
 .text.unlikely
                0x00172360       0x5c c:/devkitPro/portlibs/armv6k/lib\libfreetype.a(ftcache.o)
 .text.sf2d_fini
                0x001723bc       0x48 c:/devkitPro/libctru/lib\libsf2d.a(sf2d.o)
                0x001723bc                sf2d_fini
 .text.sf2d_start_frame_target
                0x00172404       0x9c c:/devkitPro/libctru/lib\libsf2d.a(sf2d.o)
                0x00172404                sf2d_start_frame_target
 .text.sf2d_start_frame
                0x001724a0       0x38 c:/devkitPro/libctru/lib\libsf2d.a(sf2d.o)
                0x001724a0                sf2d_start_frame
 .text.sf2d_end_frame
                0x001724d8        0x4 c:/devkitPro/libctru/lib\libsf2d.a(sf2d.o)
                0x001724d8                sf2d_end_frame
 .text.sf2d_swapbuffers
                0x001724dc       0xb0 c:/devkitPro/libctru/lib\libsf2d.a(sf2d.o)
                0x001724dc                sf2d_swapbuffers
 .text.sf2d_set_vblank_wait
                0x0017258c       0x10 c:/devkitPro/libctru/lib\libsf2d.a(sf2d.o)
                0x0017258c                sf2d_set_vblank_wait
 .text.sf2d_get_fps
                0x0017259c       0x10 c:/devkitPro/libctru/lib\libsf2d.a(sf2d.o)
                0x0017259c                sf2d_get_fps
 .text.sf2d_pool_memalign
                0x001725ac       0x40 c:/devkitPro/libctru/lib\libsf2d.a(sf2d.o)
                0x001725ac                sf2d_pool_memalign
 .text.sf2d_set_clear_color
                0x001725ec       0x38 c:/devkitPro/libctru/lib\libsf2d.a(sf2d.o)
                0x001725ec                sf2d_set_clear_color
 .text.sf2d_init_advanced.part.0
                0x00172624      0x1ac c:/devkitPro/libctru/lib\libsf2d.a(sf2d.o)
 .text.sf2d_init
                0x001727d0       0x28 c:/devkitPro/libctru/lib\libsf2d.a(sf2d.o)
                0x001727d0                sf2d_init
 .text.sf2d_texture_tile32_hardware.part.7
                0x001727f8       0x70 c:/devkitPro/libctru/lib\libsf2d.a(sf2d_texture.o)
 .text.sf2d_create_texture
                0x00172868      0x114 c:/devkitPro/libctru/lib\libsf2d.a(sf2d_texture.o)
                0x00172868                sf2d_create_texture
 .text.sf2d_create_rendertarget
                0x0017297c       0x9c c:/devkitPro/libctru/lib\libsf2d.a(sf2d_texture.o)
                0x0017297c                sf2d_create_rendertarget
 .text.sf2d_free_texture
                0x00172a18       0x20 c:/devkitPro/libctru/lib\libsf2d.a(sf2d_texture.o)
                0x00172a18                sf2d_free_texture
 .text.sf2d_clear_target
                0x00172a38       0x14 c:/devkitPro/libctru/lib\libsf2d.a(sf2d_texture.o)
                0x00172a38                sf2d_clear_target
 .text.sf2d_fill_texture_from_RGBA8
                0x00172a4c       0xac c:/devkitPro/libctru/lib\libsf2d.a(sf2d_texture.o)
                0x00172a4c                sf2d_fill_texture_from_RGBA8
 .text.sf2d_create_texture_mem_RGBA8
                0x00172af8       0x44 c:/devkitPro/libctru/lib\libsf2d.a(sf2d_texture.o)
                0x00172af8                sf2d_create_texture_mem_RGBA8
 .text.sf2d_bind_texture
                0x00172b3c       0x54 c:/devkitPro/libctru/lib\libsf2d.a(sf2d_texture.o)
                0x00172b3c                sf2d_bind_texture
 .text.sf2d_bind_texture_color
                0x00172b90       0x60 c:/devkitPro/libctru/lib\libsf2d.a(sf2d_texture.o)
                0x00172b90                sf2d_bind_texture_color
 .text.sf2d_texture_set_params
                0x00172bf0        0x8 c:/devkitPro/libctru/lib\libsf2d.a(sf2d_texture.o)
                0x00172bf0                sf2d_texture_set_params
 .text.sf2d_draw_texture_part
                0x00172bf8      0x18c c:/devkitPro/libctru/lib\libsf2d.a(sf2d_texture.o)
                0x00172bf8                sf2d_draw_texture_part
 .text.sf2d_draw_texture_part_scale_blend
                0x00172d84      0x16c c:/devkitPro/libctru/lib\libsf2d.a(sf2d_texture.o)
                0x00172d84                sf2d_draw_texture_part_scale_blend
 .text.sf2d_set_pixel
                0x00172ef0       0x8c c:/devkitPro/libctru/lib\libsf2d.a(sf2d_texture.o)
                0x00172ef0                sf2d_set_pixel
 .text.sf2d_texture_tile32
                0x00172f7c      0x114 c:/devkitPro/libctru/lib\libsf2d.a(sf2d_texture.o)
                0x00172f7c                sf2d_texture_tile32
 .text.AttrInfo_Init
                0x00173090       0x28 c:/devkitPro/libctru/lib\libcitro3d.a(attribs.o)
                0x00173090                AttrInfo_Init
 .text.AttrInfo_AddLoader
                0x001730b8       0xa4 c:/devkitPro/libctru/lib\libcitro3d.a(attribs.o)
                0x001730b8                AttrInfo_AddLoader
 .text.C3D_GetAttrInfo
                0x0017315c       0x24 c:/devkitPro/libctru/lib\libcitro3d.a(attribs.o)
                0x0017315c                C3D_GetAttrInfo
 .text.C3Di_AttrInfoBind
                0x00173180       0x80 c:/devkitPro/libctru/lib\libcitro3d.a(attribs.o)
                0x00173180                C3Di_AttrInfoBind
 .text.C3Di_AptEventHook
                0x00173200       0x88 c:/devkitPro/libctru/lib\libcitro3d.a(base.o)
 .text.C3D_Init
                0x00173288      0x168 c:/devkitPro/libctru/lib\libcitro3d.a(base.o)
                0x00173288                C3D_Init
 .text.C3D_SetViewport
                0x001733f0       0x98 c:/devkitPro/libctru/lib\libcitro3d.a(base.o)
                0x001733f0                C3D_SetViewport
 .text.C3Di_UpdateContext
                0x00173488      0x580 c:/devkitPro/libctru/lib\libcitro3d.a(base.o)
                0x00173488                C3Di_UpdateContext
 .text.C3Di_FinalizeFrame
                0x00173a08       0xe0 c:/devkitPro/libctru/lib\libcitro3d.a(base.o)
                0x00173a08                C3Di_FinalizeFrame
 .text.C3D_Fini
                0x00173ae8       0x48 c:/devkitPro/libctru/lib\libcitro3d.a(base.o)
                0x00173ae8                C3D_Fini
 .text.C3D_BindProgram
                0x00173b30       0xd4 c:/devkitPro/libctru/lib\libcitro3d.a(base.o)
                0x00173b30                C3D_BindProgram
 .text.BufInfo_Init
                0x00173c04       0x20 c:/devkitPro/libctru/lib\libcitro3d.a(buffers.o)
                0x00173c04                BufInfo_Init
 .text.BufInfo_Add
                0x00173c24       0x84 c:/devkitPro/libctru/lib\libcitro3d.a(buffers.o)
                0x00173c24                BufInfo_Add
 .text.C3D_GetBufInfo
                0x00173ca8       0x24 c:/devkitPro/libctru/lib\libcitro3d.a(buffers.o)
                0x00173ca8                C3D_GetBufInfo
 .text.C3Di_BufInfoBind
                0x00173ccc       0x48 c:/devkitPro/libctru/lib\libcitro3d.a(buffers.o)
                0x00173ccc                C3Di_BufInfoBind
 .text.C3D_DrawArrays
                0x00173d14      0x148 c:/devkitPro/libctru/lib\libcitro3d.a(drawArrays.o)
                0x00173d14                C3D_DrawArrays
 .text.C3D_DepthMap
                0x00173e5c       0x3c c:/devkitPro/libctru/lib\libcitro3d.a(effect.o)
                0x00173e5c                C3D_DepthMap
 .text.C3D_CullFace
                0x00173e98       0x1c c:/devkitPro/libctru/lib\libcitro3d.a(effect.o)
                0x00173e98                C3D_CullFace
 .text.C3D_StencilTest
                0x00173eb4       0x3c c:/devkitPro/libctru/lib\libcitro3d.a(effect.o)
                0x00173eb4                C3D_StencilTest
 .text.C3D_StencilOp
                0x00173ef0       0x24 c:/devkitPro/libctru/lib\libcitro3d.a(effect.o)
                0x00173ef0                C3D_StencilOp
 .text.C3D_BlendingColor
                0x00173f14       0x1c c:/devkitPro/libctru/lib\libcitro3d.a(effect.o)
                0x00173f14                C3D_BlendingColor
 .text.C3D_DepthTest
                0x00173f30       0x28 c:/devkitPro/libctru/lib\libcitro3d.a(effect.o)
                0x00173f30                C3D_DepthTest
 .text.C3D_AlphaTest
                0x00173f58       0x28 c:/devkitPro/libctru/lib\libcitro3d.a(effect.o)
                0x00173f58                C3D_AlphaTest
 .text.C3D_AlphaBlend
                0x00173f80       0x50 c:/devkitPro/libctru/lib\libcitro3d.a(effect.o)
                0x00173f80                C3D_AlphaBlend
 .text.C3D_FragOpMode
                0x00173fd0       0x30 c:/devkitPro/libctru/lib\libcitro3d.a(effect.o)
                0x00173fd0                C3D_FragOpMode
 .text.C3Di_EffectBind
                0x00174000      0x11c c:/devkitPro/libctru/lib\libcitro3d.a(effect.o)
                0x00174000                C3Di_EffectBind
 .text.C3D_ImmSendAttrib
                0x0017411c       0xb4 c:/devkitPro/libctru/lib\libcitro3d.a(immediate.o)
                0x0017411c                C3D_ImmSendAttrib
 .text.C3D_RenderBufInit
                0x001741d0       0xa4 c:/devkitPro/libctru/lib\libcitro3d.a(renderbuffer.o)
                0x001741d0                C3D_RenderBufInit
 .text.C3D_RenderBufClearAsync
                0x00174274       0x80 c:/devkitPro/libctru/lib\libcitro3d.a(renderbuffer.o)
                0x00174274                C3D_RenderBufClearAsync
 .text.C3D_RenderBufTransferAsync
                0x001742f4       0x28 c:/devkitPro/libctru/lib\libcitro3d.a(renderbuffer.o)
                0x001742f4                C3D_RenderBufTransferAsync
 .text.C3D_RenderBufBind
                0x0017431c       0x38 c:/devkitPro/libctru/lib\libcitro3d.a(renderbuffer.o)
                0x0017431c                C3D_RenderBufBind
 .text.C3Di_RenderBufBind
                0x00174354      0x168 c:/devkitPro/libctru/lib\libcitro3d.a(renderbuffer.o)
                0x00174354                C3Di_RenderBufBind
 .text.C3D_RenderBufDelete
                0x001744bc       0x18 c:/devkitPro/libctru/lib\libcitro3d.a(renderbuffer.o)
                0x001744bc                C3D_RenderBufDelete
 .text.C3Di_RenderQueueWaitDone
                0x001744d4       0x40 c:/devkitPro/libctru/lib\libcitro3d.a(renderqueue.o)
 .text.performTransfer.part.0
                0x00174514       0x78 c:/devkitPro/libctru/lib\libcitro3d.a(renderqueue.o)
 .text.transferTarget
                0x0017458c       0x50 c:/devkitPro/libctru/lib\libcitro3d.a(renderqueue.o)
 .text.onVBlank1
                0x001745dc       0x24 c:/devkitPro/libctru/lib\libcitro3d.a(renderqueue.o)
 .text.onVBlank0
                0x00174600       0x8c c:/devkitPro/libctru/lib\libcitro3d.a(renderqueue.o)
 .text.performClear.part.2
                0x0017468c       0x3c c:/devkitPro/libctru/lib\libcitro3d.a(renderqueue.o)
 .text.clearTarget
                0x001746c8       0x4c c:/devkitPro/libctru/lib\libcitro3d.a(renderqueue.o)
 .text.updateFrameQueue.part.4
                0x00174714       0xc0 c:/devkitPro/libctru/lib\libcitro3d.a(renderqueue.o)
 .text.onRenderFinish
                0x001747d4       0xe0 c:/devkitPro/libctru/lib\libcitro3d.a(renderqueue.o)
 .text.onClearDone.part.6
                0x001748b4       0x18 c:/devkitPro/libctru/lib\libcitro3d.a(renderqueue.o)
 .text.onTransferFinish
                0x001748cc       0xb0 c:/devkitPro/libctru/lib\libcitro3d.a(renderqueue.o)
 .text.onClearDone
                0x0017497c       0x64 c:/devkitPro/libctru/lib\libcitro3d.a(renderqueue.o)
 .text.checkRenderQueueInit.part.7
                0x001749e0       0x5c c:/devkitPro/libctru/lib\libcitro3d.a(renderqueue.o)
 .text.C3D_FrameBegin
                0x00174a3c       0x64 c:/devkitPro/libctru/lib\libcitro3d.a(renderqueue.o)
                0x00174a3c                C3D_FrameBegin
 .text.C3D_FrameDrawOn
                0x00174aa0       0x78 c:/devkitPro/libctru/lib\libcitro3d.a(renderqueue.o)
                0x00174aa0                C3D_FrameDrawOn
 .text.C3D_FrameEnd
                0x00174b18       0xd0 c:/devkitPro/libctru/lib\libcitro3d.a(renderqueue.o)
                0x00174b18                C3D_FrameEnd
 .text.C3D_RenderTargetCreate
                0x00174be8       0xe0 c:/devkitPro/libctru/lib\libcitro3d.a(renderqueue.o)
                0x00174be8                C3D_RenderTargetCreate
 .text.C3D_RenderTargetDelete
                0x00174cc8       0x7c c:/devkitPro/libctru/lib\libcitro3d.a(renderqueue.o)
                0x00174cc8                C3D_RenderTargetDelete
 .text.C3Di_RenderQueueExit
                0x00174d44       0x84 c:/devkitPro/libctru/lib\libcitro3d.a(renderqueue.o)
 .text.C3D_RenderTargetSetClear
                0x00174dc8       0x50 c:/devkitPro/libctru/lib\libcitro3d.a(renderqueue.o)
                0x00174dc8                C3D_RenderTargetSetClear
 .text.C3D_RenderTargetSetOutput
                0x00174e18       0x58 c:/devkitPro/libctru/lib\libcitro3d.a(renderqueue.o)
                0x00174e18                C3D_RenderTargetSetOutput
 .text.C3D_SafeDisplayTransfer
                0x00174e70       0x88 c:/devkitPro/libctru/lib\libcitro3d.a(renderqueue.o)
                0x00174e70                C3D_SafeDisplayTransfer
 .text.TexEnv_Init
                0x00174ef8       0x34 c:/devkitPro/libctru/lib\libcitro3d.a(texenv.o)
                0x00174ef8                TexEnv_Init
 .text.C3D_GetTexEnv
                0x00174f2c       0x34 c:/devkitPro/libctru/lib\libcitro3d.a(texenv.o)
                0x00174f2c                C3D_GetTexEnv
 .text.C3Di_TexEnvBind
                0x00174f60       0x24 c:/devkitPro/libctru/lib\libcitro3d.a(texenv.o)
                0x00174f60                C3Di_TexEnvBind
 .text.C3D_TexInit
                0x00174f84       0xb8 c:/devkitPro/libctru/lib\libcitro3d.a(texture.o)
                0x00174f84                C3D_TexInit
 .text.C3D_TexInitVRAM
                0x0017503c       0xb8 c:/devkitPro/libctru/lib\libcitro3d.a(texture.o)
                0x0017503c                C3D_TexInitVRAM
 .text.C3D_TexSetWrap
                0x001750f4       0x24 c:/devkitPro/libctru/lib\libcitro3d.a(texture.o)
                0x001750f4                C3D_TexSetWrap
 .text.C3D_TexBind
                0x00175118       0x34 c:/devkitPro/libctru/lib\libcitro3d.a(texture.o)
                0x00175118                C3D_TexBind
 .text.C3D_TexDelete
                0x0017514c       0x3c c:/devkitPro/libctru/lib\libcitro3d.a(texture.o)
                0x0017514c                C3D_TexDelete
 .text.C3D_UpdateUniforms
                0x00175188      0x2ac c:/devkitPro/libctru/lib\libcitro3d.a(uniforms.o)
                0x00175188                C3D_UpdateUniforms
 .text.C3Di_DirtyUniforms
                0x00175434       0xc0 c:/devkitPro/libctru/lib\libcitro3d.a(uniforms.o)
                0x00175434                C3Di_DirtyUniforms
 .text.C3Di_LoadShaderUniforms
                0x001754f4       0xe4 c:/devkitPro/libctru/lib\libcitro3d.a(uniforms.o)
                0x001754f4                C3Di_LoadShaderUniforms
 .text.C3Di_ClearShaderUniforms
                0x001755d8       0x28 c:/devkitPro/libctru/lib\libcitro3d.a(uniforms.o)
                0x001755d8                C3Di_ClearShaderUniforms
 .text.Mtx_OrthoTilt
                0x00175600       0xc8 c:/devkitPro/libctru/lib\libcitro3d.a(mtx_orthotilt.o)
                0x00175600                Mtx_OrthoTilt
 .text._ZL21addrMapNodeComparatorPK11rbtree_nodeS1_
                0x001756c8       0x24 c:/devkitPro/libctru/lib\libctru.a(linear.o)
 .text._ZL21addrMapNodeDestructorP11rbtree_node
                0x001756ec        0x4 c:/devkitPro/libctru/lib\libctru.a(linear.o)
 .text.linearMemAlign
                0x001756f0      0x140 c:/devkitPro/libctru/lib\libctru.a(linear.o)
                0x001756f0                linearMemAlign
 .text.linearAlloc
                0x00175830        0x8 c:/devkitPro/libctru/lib\libctru.a(linear.o)
                0x00175830                linearAlloc
 .text.linearFree
                0x00175838       0x50 c:/devkitPro/libctru/lib\libctru.a(linear.o)
                0x00175838                linearFree
 .text._ZN7MemPool13CoalesceRightEP8MemBlock
                0x00175888       0xa0 c:/devkitPro/libctru/lib\libctru.a(mem_pool.o)
                0x00175888                MemPool::CoalesceRight(MemBlock*)
 .text._ZN7MemPool8AllocateER8MemChunkmi
                0x00175928      0x18c c:/devkitPro/libctru/lib\libctru.a(mem_pool.o)
                0x00175928                MemPool::Allocate(MemChunk&, unsigned long, int)
 .text._ZN7MemPool10DeallocateERK8MemChunk
                0x00175ab4      0x104 c:/devkitPro/libctru/lib\libctru.a(mem_pool.o)
                0x00175ab4                MemPool::Deallocate(MemChunk const&)
 .text._ZL21addrMapNodeComparatorPK11rbtree_nodeS1_
                0x00175bb8       0x24 c:/devkitPro/libctru/lib\libctru.a(vram.o)
 .text._ZL21addrMapNodeDestructorP11rbtree_node
                0x00175bdc        0x4 c:/devkitPro/libctru/lib\libctru.a(vram.o)
 .text.vramMemAlign
                0x00175be0      0x130 c:/devkitPro/libctru/lib\libctru.a(vram.o)
                0x00175be0                vramMemAlign
 .text.vramAlloc
                0x00175d10        0x8 c:/devkitPro/libctru/lib\libctru.a(vram.o)
                0x00175d10                vramAlloc
 .text.vramFree
                0x00175d18       0x50 c:/devkitPro/libctru/lib\libctru.a(vram.o)
                0x00175d18                vramFree
 .text.gfxSetFramebufferInfo.part.0
                0x00175d68       0x8c c:/devkitPro/libctru/lib\libctru.a(gfx.o)
 .text.gfxSet3D
                0x00175df4       0x10 c:/devkitPro/libctru/lib\libctru.a(gfx.o)
                0x00175df4                gfxSet3D
 .text.gfxIs3D  0x00175e04       0x10 c:/devkitPro/libctru/lib\libctru.a(gfx.o)
                0x00175e04                gfxIs3D
 .text.__get_bytes_per_pixel
                0x00175e14       0x18 c:/devkitPro/libctru/lib\libctru.a(gfx.o)
                0x00175e14                __get_bytes_per_pixel
 .text.gfxSetFramebufferInfo
                0x00175e2c       0x70 c:/devkitPro/libctru/lib\libctru.a(gfx.o)
                0x00175e2c                gfxSetFramebufferInfo
 .text.gfxWriteFramebufferInfo
                0x00175e9c       0x88 c:/devkitPro/libctru/lib\libctru.a(gfx.o)
                0x00175e9c                gfxWriteFramebufferInfo
 .text.gfxInit  0x00175f24      0x1d0 c:/devkitPro/libctru/lib\libctru.a(gfx.o)
                0x00175f24                gfxInit
 .text.gfxInitDefault
                0x001760f4       0x10 c:/devkitPro/libctru/lib\libctru.a(gfx.o)
                0x001760f4                gfxInitDefault
 .text.gfxExit  0x00176104       0xe0 c:/devkitPro/libctru/lib\libctru.a(gfx.o)
                0x00176104                gfxExit
 .text.gfxGetFramebuffer
                0x001761e4       0xb0 c:/devkitPro/libctru/lib\libctru.a(gfx.o)
                0x001761e4                gfxGetFramebuffer
 .text.gfxConfigScreen
                0x00176294       0x70 c:/devkitPro/libctru/lib\libctru.a(gfx.o)
                0x00176294                gfxConfigScreen
 .text.getSysTime
                0x00176304       0x58 c:/devkitPro/libctru/lib\libctru.a(os.o)
 .text.osConvertVirtToPhys
                0x0017635c       0x4c c:/devkitPro/libctru/lib\libctru.a(os.o)
                0x0017635c                osConvertVirtToPhys
 .text.osGetMemRegionUsed
                0x001763a8       0x24 c:/devkitPro/libctru/lib\libctru.a(os.o)
                0x001763a8                osGetMemRegionUsed
 *fill*         0x001763cc        0x4 
 .text.__libctru_gtod
                0x001763d0       0xf8 c:/devkitPro/libctru/lib\libctru.a(os.o)
                0x001763d0                __libctru_gtod
 .text.osGetTime
                0x001764c8       0x78 c:/devkitPro/libctru/lib\libctru.a(os.o)
                0x001764c8                osGetTime
 .text.__ctru_speedup_config
                0x00176540       0x34 c:/devkitPro/libctru/lib\libctru.a(os.o)
                0x00176540                __ctru_speedup_config
 .text.GPUCMD_SetBuffer
                0x00176574       0x2c c:/devkitPro/libctru/lib\libctru.a(gpu.o)
                0x00176574                GPUCMD_SetBuffer
 .text.GPUCMD_GetBuffer
                0x001765a0       0x40 c:/devkitPro/libctru/lib\libctru.a(gpu.o)
                0x001765a0                GPUCMD_GetBuffer
 .text.GPUCMD_Add
                0x001765e0       0xe4 c:/devkitPro/libctru/lib\libctru.a(gpu.o)
                0x001765e0                GPUCMD_Add
 .text.GPUCMD_Finalize
                0x001766c4       0x98 c:/devkitPro/libctru/lib\libctru.a(gpu.o)
                0x001766c4                GPUCMD_Finalize
 .text.f32tof24
                0x0017675c       0x40 c:/devkitPro/libctru/lib\libctru.a(gpu.o)
                0x0017675c                f32tof24
 .text.f32tof31
                0x0017679c       0x40 c:/devkitPro/libctru/lib\libctru.a(gpu.o)
                0x0017679c                f32tof31
 .text.GX_ProcessCommandList
                0x001767dc       0x54 c:/devkitPro/libctru/lib\libctru.a(gx.o)
                0x001767dc                GX_ProcessCommandList
 .text.GX_MemoryFill
                0x00176830       0x60 c:/devkitPro/libctru/lib\libctru.a(gx.o)
                0x00176830                GX_MemoryFill
 .text.GX_DisplayTransfer
                0x00176890       0x50 c:/devkitPro/libctru/lib\libctru.a(gx.o)
                0x00176890                GX_DisplayTransfer
 .text.GX_FlushCacheRegions
                0x001768e0       0x54 c:/devkitPro/libctru/lib\libctru.a(gx.o)
                0x001768e0                GX_FlushCacheRegions
 .text.shaderInstanceInit
                0x00176934      0x23c c:/devkitPro/libctru/lib\libctru.a(shaderProgram.o)
                0x00176934                shaderInstanceInit
 .text.shaderInstanceFree
                0x00176b70       0x38 c:/devkitPro/libctru/lib\libctru.a(shaderProgram.o)
                0x00176b70                shaderInstanceFree
 .text.shaderInstanceGetUniformLocation
                0x00176ba8       0x18 c:/devkitPro/libctru/lib\libctru.a(shaderProgram.o)
                0x00176ba8                shaderInstanceGetUniformLocation
 .text.shaderProgramInit
                0x00176bc0       0x18 c:/devkitPro/libctru/lib\libctru.a(shaderProgram.o)
                0x00176bc0                shaderProgramInit
 .text.shaderProgramFree
                0x00176bd8       0x30 c:/devkitPro/libctru/lib\libctru.a(shaderProgram.o)
                0x00176bd8                shaderProgramFree
 .text.shaderProgramSetVsh
                0x00176c08       0x6c c:/devkitPro/libctru/lib\libctru.a(shaderProgram.o)
                0x00176c08                shaderProgramSetVsh
 .text.shaderProgramConfigure
                0x00176c74      0x8a4 c:/devkitPro/libctru/lib\libctru.a(shaderProgram.o)
                0x00176c74                shaderProgramConfigure
 .text.DVLB_Free
                0x00177518       0x3c c:/devkitPro/libctru/lib\libctru.a(shbin.o)
                0x00177518                DVLB_Free
 .text.DVLE_GetUniformRegister
                0x00177554       0x80 c:/devkitPro/libctru/lib\libctru.a(shbin.o)
                0x00177554                DVLE_GetUniformRegister
 .text.DVLE_GenerateOutmap
                0x001775d4      0x1f0 c:/devkitPro/libctru/lib\libctru.a(shbin.o)
                0x001775d4                DVLE_GenerateOutmap
 .text.DVLB_ParseFile
                0x001777c4      0x1d8 c:/devkitPro/libctru/lib\libctru.a(shbin.o)
                0x001777c4                DVLB_ParseFile
 .text._aptDebug
                0x0017799c        0x4 c:/devkitPro/libctru/lib\libctru.a(apt.o)
                0x0017799c                _aptDebug
 .text.aptSendCommand
                0x001779a0      0x12c c:/devkitPro/libctru/lib\libctru.a(apt.o)
                0x001779a0                aptSendCommand
 .text.aptExitProcess
                0x00177acc       0x3c c:/devkitPro/libctru/lib\libctru.a(apt.o)
 .text.aptHook  0x00177b08       0x38 c:/devkitPro/libctru/lib\libctru.a(apt.o)
                0x00177b08                aptHook
 .text.aptUnhook
                0x00177b40       0x2c c:/devkitPro/libctru/lib\libctru.a(apt.o)
                0x00177b40                aptUnhook
 .text.APT_InquireNotification
                0x00177b6c       0x4c c:/devkitPro/libctru/lib\libctru.a(apt.o)
                0x00177b6c                APT_InquireNotification
 .text.aptEventHandler
                0x00177bb8      0x198 c:/devkitPro/libctru/lib\libctru.a(apt.o)
 .text.APT_AppletUtility
                0x00177d50       0x74 c:/devkitPro/libctru/lib\libctru.a(apt.o)
                0x00177d50                APT_AppletUtility
 .text.aptSetSleepAllowed
                0x00177dc4       0xb0 c:/devkitPro/libctru/lib\libctru.a(apt.o)
                0x00177dc4                aptSetSleepAllowed
 .text.APT_GlanceParameter
                0x00177e74       0xb4 c:/devkitPro/libctru/lib\libctru.a(apt.o)
                0x00177e74                APT_GlanceParameter
 .text.APT_ReceiveParameter
                0x00177f28       0xc0 c:/devkitPro/libctru/lib\libctru.a(apt.o)
                0x00177f28                APT_ReceiveParameter
 .text.aptReceiveParameter.constprop.1
                0x00177fe8       0xa8 c:/devkitPro/libctru/lib\libctru.a(apt.o)
 .text.aptScreenTransfer
                0x00178090      0x1e0 c:/devkitPro/libctru/lib\libctru.a(apt.o)
 .text.aptWaitForWakeUp
                0x00178270      0x224 c:/devkitPro/libctru/lib\libctru.a(apt.o)
 .text.APT_CancelParameter
                0x00178494       0x70 c:/devkitPro/libctru/lib\libctru.a(apt.o)
                0x00178494                APT_CancelParameter
 .text.aptInit  0x00178504      0x21c c:/devkitPro/libctru/lib\libctru.a(apt.o)
                0x00178504                aptInit
 .text.aptClearParamQueue
                0x00178720       0x88 c:/devkitPro/libctru/lib\libctru.a(apt.o)
 .text.aptMainLoop
                0x001787a8      0x208 c:/devkitPro/libctru/lib\libctru.a(apt.o)
                0x001787a8                aptMainLoop
 .text.aptExit  0x001789b0      0x148 c:/devkitPro/libctru/lib\libctru.a(apt.o)
                0x001789b0                aptExit
 .text.APT_CheckNew3DS
                0x00178af8       0x70 c:/devkitPro/libctru/lib\libctru.a(apt.o)
                0x00178af8                APT_CheckNew3DS
 .text.gspEventThreadMain
                0x00178b68      0x154 c:/devkitPro/libctru/lib\libctru.a(gspgpu.o)
 .text.gspInit  0x00178cbc       0x74 c:/devkitPro/libctru/lib\libctru.a(gspgpu.o)
                0x00178cbc                gspInit
 .text.gspExit  0x00178d30       0x3c c:/devkitPro/libctru/lib\libctru.a(gspgpu.o)
                0x00178d30                gspExit
 .text.gspSetEventCallback
                0x00178d6c       0x2c c:/devkitPro/libctru/lib\libctru.a(gspgpu.o)
                0x00178d6c                gspSetEventCallback
 .text.gspInitEventHandler
                0x00178d98       0x84 c:/devkitPro/libctru/lib\libctru.a(gspgpu.o)
                0x00178d98                gspInitEventHandler
 .text.gspExitEventHandler
                0x00178e1c       0x30 c:/devkitPro/libctru/lib\libctru.a(gspgpu.o)
                0x00178e1c                gspExitEventHandler
 .text.gspWaitForEvent
                0x00178e4c       0x44 c:/devkitPro/libctru/lib\libctru.a(gspgpu.o)
                0x00178e4c                gspWaitForEvent
 .text.gspWaitForAnyEvent
                0x00178e90       0x64 c:/devkitPro/libctru/lib\libctru.a(gspgpu.o)
                0x00178e90                gspWaitForAnyEvent
 .text.gspSubmitGxCommand
                0x00178ef4      0x128 c:/devkitPro/libctru/lib\libctru.a(gspgpu.o)
                0x00178ef4                gspSubmitGxCommand
 .text.GSPGPU_SetBufferSwap
                0x0017901c       0x6c c:/devkitPro/libctru/lib\libctru.a(gspgpu.o)
                0x0017901c                GSPGPU_SetBufferSwap
 .text.GSPGPU_FlushDataCache
                0x00179088       0x4c c:/devkitPro/libctru/lib\libctru.a(gspgpu.o)
                0x00179088                GSPGPU_FlushDataCache
 .text.GSPGPU_SetLcdForceBlack
                0x001790d4       0x34 c:/devkitPro/libctru/lib\libctru.a(gspgpu.o)
                0x001790d4                GSPGPU_SetLcdForceBlack
 .text.GSPGPU_RegisterInterruptRelayQueue
                0x00179108       0x64 c:/devkitPro/libctru/lib\libctru.a(gspgpu.o)
                0x00179108                GSPGPU_RegisterInterruptRelayQueue
 .text.GSPGPU_UnregisterInterruptRelayQueue
                0x0017916c       0x2c c:/devkitPro/libctru/lib\libctru.a(gspgpu.o)
                0x0017916c                GSPGPU_UnregisterInterruptRelayQueue
 .text.GSPGPU_AcquireRight
                0x00179198       0x48 c:/devkitPro/libctru/lib\libctru.a(gspgpu.o)
                0x00179198                GSPGPU_AcquireRight
 .text.GSPGPU_ReleaseRight
                0x001791e0       0x2c c:/devkitPro/libctru/lib\libctru.a(gspgpu.o)
                0x001791e0                GSPGPU_ReleaseRight
 .text.GSPGPU_ImportDisplayCaptureInfo
                0x0017920c       0x80 c:/devkitPro/libctru/lib\libctru.a(gspgpu.o)
                0x0017920c                GSPGPU_ImportDisplayCaptureInfo
 .text.GSPGPU_SaveVramSysArea
                0x0017928c       0x2c c:/devkitPro/libctru/lib\libctru.a(gspgpu.o)
                0x0017928c                GSPGPU_SaveVramSysArea
 .text.GSPGPU_RestoreVramSysArea
                0x001792b8       0x2c c:/devkitPro/libctru/lib\libctru.a(gspgpu.o)
                0x001792b8                GSPGPU_RestoreVramSysArea
 .text.hidExit  0x001792e4       0xd8 c:/devkitPro/libctru/lib\libctru.a(hid.o)
                0x001792e4                hidExit
 .text.hidScanInput
                0x001793bc      0x238 c:/devkitPro/libctru/lib\libctru.a(hid.o)
                0x001793bc                hidScanInput
 .text.hidKeysHeld
                0x001795f4       0x10 c:/devkitPro/libctru/lib\libctru.a(hid.o)
                0x001795f4                hidKeysHeld
 .text.hidKeysDown
                0x00179604       0x10 c:/devkitPro/libctru/lib\libctru.a(hid.o)
                0x00179604                hidKeysDown
 .text.HIDUSER_GetHandles
                0x00179614       0x90 c:/devkitPro/libctru/lib\libctru.a(hid.o)
                0x00179614                HIDUSER_GetHandles
 .text.hidInit  0x001796a4      0x184 c:/devkitPro/libctru/lib\libctru.a(hid.o)
                0x001796a4                hidInit
 .text.irrstScanInput
                0x00179828       0xb0 c:/devkitPro/libctru/lib\libctru.a(irrst.o)
                0x00179828                irrstScanInput
 .text.irrstKeysHeld
                0x001798d8       0x1c c:/devkitPro/libctru/lib\libctru.a(irrst.o)
                0x001798d8                irrstKeysHeld
 .text.IRRST_GetHandles
                0x001798f4       0x50 c:/devkitPro/libctru/lib\libctru.a(irrst.o)
                0x001798f4                IRRST_GetHandles
 .text.irrstInit
                0x00179944      0x148 c:/devkitPro/libctru/lib\libctru.a(irrst.o)
                0x00179944                irrstInit
 .text.IRRST_Shutdown
                0x00179a8c       0x2c c:/devkitPro/libctru/lib\libctru.a(irrst.o)
                0x00179a8c                IRRST_Shutdown
 .text.irrstExit
                0x00179ab8       0xb0 c:/devkitPro/libctru/lib\libctru.a(irrst.o)
                0x00179ab8                irrstExit
 .text.ptmSysmInit
                0x00179b68       0x70 c:/devkitPro/libctru/lib\libctru.a(ptmsysm.o)
                0x00179b68                ptmSysmInit
 .text.ptmSysmExit
                0x00179bd8       0x34 c:/devkitPro/libctru/lib\libctru.a(ptmsysm.o)
                0x00179bd8                ptmSysmExit
 .text.PTMSYSM_ConfigureNew3DSCPU
                0x00179c0c       0x34 c:/devkitPro/libctru/lib\libctru.a(ptmsysm.o)
                0x00179c0c                PTMSYSM_ConfigureNew3DSCPU
 .text.rbtree_find
                0x00179c40       0x70 c:/devkitPro/libctru/lib\libctru.a(rbtree_find.o)
                0x00179c40                rbtree_find
 .text.rbtree_init
                0x00179cb0       0x14 c:/devkitPro/libctru/lib\libctru.a(rbtree_init.o)
                0x00179cb0                rbtree_init
 .text.do_insert
                0x00179cc4      0x1d4 c:/devkitPro/libctru/lib\libctru.a(rbtree_insert.o)
 .text.rbtree_insert
                0x00179e98        0x8 c:/devkitPro/libctru/lib\libctru.a(rbtree_insert.o)
                0x00179e98                rbtree_insert
 .text.rbtree_remove
                0x00179ea0      0x35c c:/devkitPro/libctru/lib\libctru.a(rbtree_remove.o)
                0x00179ea0                rbtree_remove
 .text.rbtree_rotate
                0x0017a1fc       0xac c:/devkitPro/libctru/lib\libctru.a(rbtree_rotate.o)
                0x0017a1fc                rbtree_rotate
 .text.osGetMemRegionSize
                0x0017a2a8       0x58 c:/devkitPro/libctru/lib\libctru.a(allocateHeaps.o)
 .text.__system_allocateHeaps
                0x0017a300      0x124 c:/devkitPro/libctru/lib\libctru.a(allocateHeaps.o)
                0x0017a300                __system_allocateHeaps
 .text.__system_initArgv
                0x0017a424       0xf4 c:/devkitPro/libctru/lib\libctru.a(initArgv.o)
                0x0017a424                __system_initArgv
 .text.__libctru_init
                0x0017a518       0x38 c:/devkitPro/libctru/lib\libctru.a(initSystem.o)
                0x0017a518                __libctru_init
 .text.__ctru_get_reent
                0x0017a550       0x30 c:/devkitPro/libctru/lib\libctru.a(syscalls.o)
 .text.__system_initSyscalls
                0x0017a580       0xe8 c:/devkitPro/libctru/lib\libctru.a(syscalls.o)
                0x0017a580                __system_initSyscalls
 .text.svcControlMemory
                0x0017a668       0x20 c:/devkitPro/libctru/lib\libctru.a(svc.o)
                0x0017a668                svcControlMemory
 .text.svcExitProcess
                0x0017a688        0x8 c:/devkitPro/libctru/lib\libctru.a(svc.o)
                0x0017a688                svcExitProcess
 .text.svcCreateThread
                0x0017a690       0x20 c:/devkitPro/libctru/lib\libctru.a(svc.o)
                0x0017a690                svcCreateThread
 .text.svcExitThread
                0x0017a6b0        0x8 c:/devkitPro/libctru/lib\libctru.a(svc.o)
                0x0017a6b0                svcExitThread
 .text.svcSleepThread
                0x0017a6b8        0x8 c:/devkitPro/libctru/lib\libctru.a(svc.o)
                0x0017a6b8                svcSleepThread
 .text.svcReleaseMutex
                0x0017a6c0        0x8 c:/devkitPro/libctru/lib\libctru.a(svc.o)
                0x0017a6c0                svcReleaseMutex
 .text.svcCreateEvent
                0x0017a6c8       0x14 c:/devkitPro/libctru/lib\libctru.a(svc.o)
                0x0017a6c8                svcCreateEvent
 .text.svcSignalEvent
                0x0017a6dc        0x8 c:/devkitPro/libctru/lib\libctru.a(svc.o)
                0x0017a6dc                svcSignalEvent
 .text.svcClearEvent
                0x0017a6e4        0x8 c:/devkitPro/libctru/lib\libctru.a(svc.o)
                0x0017a6e4                svcClearEvent
 .text.svcMapMemoryBlock
                0x0017a6ec        0x8 c:/devkitPro/libctru/lib\libctru.a(svc.o)
                0x0017a6ec                svcMapMemoryBlock
 .text.svcUnmapMemoryBlock
                0x0017a6f4        0x8 c:/devkitPro/libctru/lib\libctru.a(svc.o)
                0x0017a6f4                svcUnmapMemoryBlock
 .text.svcCreateAddressArbiter
                0x0017a6fc       0x14 c:/devkitPro/libctru/lib\libctru.a(svc.o)
                0x0017a6fc                svcCreateAddressArbiter
 .text.svcArbitrateAddress
                0x0017a710       0x18 c:/devkitPro/libctru/lib\libctru.a(svc.o)
                0x0017a710                svcArbitrateAddress
 .text.svcCloseHandle
                0x0017a728        0x8 c:/devkitPro/libctru/lib\libctru.a(svc.o)
                0x0017a728                svcCloseHandle
 .text.svcWaitSynchronization
                0x0017a730        0x8 c:/devkitPro/libctru/lib\libctru.a(svc.o)
                0x0017a730                svcWaitSynchronization
 .text.svcWaitSynchronizationN
                0x0017a738       0x28 c:/devkitPro/libctru/lib\libctru.a(svc.o)
                0x0017a738                svcWaitSynchronizationN
 .text.svcDuplicateHandle
                0x0017a760       0x14 c:/devkitPro/libctru/lib\libctru.a(svc.o)
                0x0017a760                svcDuplicateHandle
 .text.svcGetSystemTick
                0x0017a774        0x8 c:/devkitPro/libctru/lib\libctru.a(svc.o)
                0x0017a774                svcGetSystemTick
 .text.svcGetSystemInfo
                0x0017a77c       0x18 c:/devkitPro/libctru/lib\libctru.a(svc.o)
                0x0017a77c                svcGetSystemInfo
 .text.svcConnectToPort
                0x0017a794       0x14 c:/devkitPro/libctru/lib\libctru.a(svc.o)
                0x0017a794                svcConnectToPort
 .text.svcSendSyncRequest
                0x0017a7a8        0x8 c:/devkitPro/libctru/lib\libctru.a(svc.o)
                0x0017a7a8                svcSendSyncRequest
 .text.svcBreak
                0x0017a7b0        0x8 c:/devkitPro/libctru/lib\libctru.a(svc.o)
                0x0017a7b0                svcBreak
 .text._ZL21addrMapNodeComparatorPK11rbtree_nodeS1_
                0x0017a7b8       0x24 c:/devkitPro/libctru/lib\libctru.a(mappable.o)
 .text._ZL21addrMapNodeDestructorP11rbtree_node
                0x0017a7dc        0x4 c:/devkitPro/libctru/lib\libctru.a(mappable.o)
 .text.mappableAlloc
                0x0017a7e0       0xf4 c:/devkitPro/libctru/lib\libctru.a(mappable.o)
                0x0017a7e0                mappableAlloc
 .text.mappableFree
                0x0017a8d4       0x50 c:/devkitPro/libctru/lib\libctru.a(mappable.o)
                0x0017a8d4                mappableFree
 .text.envGetHandle
                0x0017a924       0x94 c:/devkitPro/libctru/lib\libctru.a(env.o)
                0x0017a924                envGetHandle
 .text.envDestroyHandles
                0x0017a9b8       0x4c c:/devkitPro/libctru/lib\libctru.a(env.o)
                0x0017a9b8                envDestroyHandles
 .text.srvExit  0x0017aa04       0x50 c:/devkitPro/libctru/lib\libctru.a(srv.o)
                0x0017aa04                srvExit
 .text.srvRegisterClient
                0x0017aa54       0x38 c:/devkitPro/libctru/lib\libctru.a(srv.o)
                0x0017aa54                srvRegisterClient
 .text.srvInit  0x0017aa8c       0x70 c:/devkitPro/libctru/lib\libctru.a(srv.o)
                0x0017aa8c                srvInit
 .text.srvGetServiceHandleDirect
                0x0017aafc       0x68 c:/devkitPro/libctru/lib\libctru.a(srv.o)
                0x0017aafc                srvGetServiceHandleDirect
 .text.srvGetServiceHandle
                0x0017ab64       0x38 c:/devkitPro/libctru/lib\libctru.a(srv.o)
                0x0017ab64                srvGetServiceHandle
 .text.LightLock_Unlock.part.1
                0x0017ab9c       0x34 c:/devkitPro/libctru/lib\libctru.a(synchronization.o)
 .text.__sync_init
                0x0017abd0        0xc c:/devkitPro/libctru/lib\libctru.a(synchronization.o)
                0x0017abd0                __sync_init
 .text.__sync_fini
                0x0017abdc       0x18 c:/devkitPro/libctru/lib\libctru.a(synchronization.o)
                0x0017abdc                __sync_fini
 .text.__sync_get_arbiter
                0x0017abf4       0x10 c:/devkitPro/libctru/lib\libctru.a(synchronization.o)
                0x0017abf4                __sync_get_arbiter
 .text.LightLock_Init
                0x0017ac04       0x18 c:/devkitPro/libctru/lib\libctru.a(synchronization.o)
                0x0017ac04                LightLock_Init
 .text.LightLock_Lock
                0x0017ac1c       0x94 c:/devkitPro/libctru/lib\libctru.a(synchronization.o)
                0x0017ac1c                LightLock_Lock
 .text.LightLock_TryLock
                0x0017acb0       0x34 c:/devkitPro/libctru/lib\libctru.a(synchronization.o)
                0x0017acb0                LightLock_TryLock
 .text.LightLock_Unlock
                0x0017ace4       0x20 c:/devkitPro/libctru/lib\libctru.a(synchronization.o)
                0x0017ace4                LightLock_Unlock
 .text.RecursiveLock_Init
                0x0017ad04       0x24 c:/devkitPro/libctru/lib\libctru.a(synchronization.o)
                0x0017ad04                RecursiveLock_Init
 .text.RecursiveLock_Lock
                0x0017ad28       0x30 c:/devkitPro/libctru/lib\libctru.a(synchronization.o)
                0x0017ad28                RecursiveLock_Lock
 .text.RecursiveLock_TryLock
                0x0017ad58       0x58 c:/devkitPro/libctru/lib\libctru.a(synchronization.o)
                0x0017ad58                RecursiveLock_TryLock
 .text.RecursiveLock_Unlock
                0x0017adb0       0x38 c:/devkitPro/libctru/lib\libctru.a(synchronization.o)
                0x0017adb0                RecursiveLock_Unlock
 .text.LightEvent_Init
                0x0017ade8       0x38 c:/devkitPro/libctru/lib\libctru.a(synchronization.o)
                0x0017ade8                LightEvent_Init
 .text.LightEvent_Clear
                0x0017ae20       0x7c c:/devkitPro/libctru/lib\libctru.a(synchronization.o)
                0x0017ae20                LightEvent_Clear
 .text.LightEvent_Signal
                0x0017ae9c       0xdc c:/devkitPro/libctru/lib\libctru.a(synchronization.o)
                0x0017ae9c                LightEvent_Signal
 .text.LightEvent_Wait
                0x0017af78       0xc8 c:/devkitPro/libctru/lib\libctru.a(synchronization.o)
                0x0017af78                LightEvent_Wait
 .text.threadCreate
                0x0017b040      0x1c8 c:/devkitPro/libctru/lib\libctru.a(thread.o)
                0x0017b040                threadCreate
 .text.threadJoin
                0x0017b208       0x24 c:/devkitPro/libctru/lib\libctru.a(thread.o)
                0x0017b208                threadJoin
 .text.threadExit
                0x0017b22c       0x6c c:/devkitPro/libctru/lib\libctru.a(thread.o)
                0x0017b22c                threadExit
 .text._thread_begin
                0x0017b298       0x3c c:/devkitPro/libctru/lib\libctru.a(thread.o)
 .text.rbtree_node_next
                0x0017b2d4       0x8c c:/devkitPro/libctru/lib\libctru.a(rbtree_iterator.o)
                0x0017b2d4                rbtree_node_next
 .text.__appExit
                0x0017b360       0x1c c:/devkitPro/libctru/lib\libctru.a(appExit.o)
                0x0017b360                __appExit
 .text.__appInit
                0x0017b37c       0x1c c:/devkitPro/libctru/lib\libctru.a(appInit.o)
                0x0017b37c                __appInit
 .text.__libctru_exit
                0x0017b398       0xa4 c:/devkitPro/libctru/lib\libctru.a(ctru_exit.o)
                0x0017b398                __libctru_exit
 .text.sdmc_link
                0x0017b43c       0x10 c:/devkitPro/libctru/lib\libctru.a(sdmc_dev.o)
 .text.sdmc_dirreset
                0x0017b44c       0x10 c:/devkitPro/libctru/lib\libctru.a(sdmc_dev.o)
 .text.sdmc_chmod
                0x0017b45c       0x10 c:/devkitPro/libctru/lib\libctru.a(sdmc_dev.o)
 .text.sdmc_fchmod
                0x0017b46c       0x10 c:/devkitPro/libctru/lib\libctru.a(sdmc_dev.o)
 .text.error_cmp
                0x0017b47c       0x24 c:/devkitPro/libctru/lib\libctru.a(sdmc_dev.o)
 .text.sdmc_translate_error
                0x0017b4a0       0x50 c:/devkitPro/libctru/lib\libctru.a(sdmc_dev.o)
 .text.sdmc_fsync
                0x0017b4f0       0x34 c:/devkitPro/libctru/lib\libctru.a(sdmc_dev.o)
 .text.sdmc_ftruncate
                0x0017b524       0x54 c:/devkitPro/libctru/lib\libctru.a(sdmc_dev.o)
 .text.sdmc_statvfs
                0x0017b578       0xac c:/devkitPro/libctru/lib\libctru.a(sdmc_dev.o)
 .text.sdmc_dirclose
                0x0017b624       0x38 c:/devkitPro/libctru/lib\libctru.a(sdmc_dev.o)
 .text.sdmc_dirnext
                0x0017b65c      0x13c c:/devkitPro/libctru/lib\libctru.a(sdmc_dev.o)
 .text.sdmc_close
                0x0017b798       0x34 c:/devkitPro/libctru/lib\libctru.a(sdmc_dev.o)
 .text.sdmc_fstat
                0x0017b7cc       0x74 c:/devkitPro/libctru/lib\libctru.a(sdmc_dev.o)
 .text.sdmc_seek
                0x0017b840       0xc0 c:/devkitPro/libctru/lib\libctru.a(sdmc_dev.o)
 .text.sdmc_read
                0x0017b900       0x8c c:/devkitPro/libctru/lib\libctru.a(sdmc_dev.o)
 .text.sdmc_write_safe
                0x0017b98c      0x110 c:/devkitPro/libctru/lib\libctru.a(sdmc_dev.o)
 .text.sdmc_utf16path
                0x0017ba9c      0x1b4 c:/devkitPro/libctru/lib\libctru.a(sdmc_dev.o)
 .text.sdmc_rmdir
                0x0017bc50       0x74 c:/devkitPro/libctru/lib\libctru.a(sdmc_dev.o)
 .text.sdmc_diropen
                0x0017bcc4       0xa8 c:/devkitPro/libctru/lib\libctru.a(sdmc_dev.o)
 .text.sdmc_chdir
                0x0017bd6c       0xa0 c:/devkitPro/libctru/lib\libctru.a(sdmc_dev.o)
 .text.sdmc_mkdir
                0x0017be0c       0x98 c:/devkitPro/libctru/lib\libctru.a(sdmc_dev.o)
 .text.sdmc_rename
                0x0017bea4      0x108 c:/devkitPro/libctru/lib\libctru.a(sdmc_dev.o)
 .text.sdmc_unlink
                0x0017bfac       0x74 c:/devkitPro/libctru/lib\libctru.a(sdmc_dev.o)
 .text.sdmc_stat
                0x0017c020      0x108 c:/devkitPro/libctru/lib\libctru.a(sdmc_dev.o)
 .text.sdmc_open
                0x0017c128      0x188 c:/devkitPro/libctru/lib\libctru.a(sdmc_dev.o)
 .text.sdmcInit
                0x0017c2b0      0x15c c:/devkitPro/libctru/lib\libctru.a(sdmc_dev.o)
                0x0017c2b0                sdmcInit
 .text.sdmcExit
                0x0017c40c       0x54 c:/devkitPro/libctru/lib\libctru.a(sdmc_dev.o)
                0x0017c40c                sdmcExit
 .text.fsSessionForArchive.part.0
                0x0017c460       0x28 c:/devkitPro/libctru/lib\libctru.a(fs.o)
 .text.fsInit   0x0017c488       0xcc c:/devkitPro/libctru/lib\libctru.a(fs.o)
                0x0017c488                fsInit
 .text.fsExit   0x0017c554       0x38 c:/devkitPro/libctru/lib\libctru.a(fs.o)
                0x0017c554                fsExit
 .text.fsExemptFromSession
                0x0017c58c       0x74 c:/devkitPro/libctru/lib\libctru.a(fs.o)
                0x0017c58c                fsExemptFromSession
 .text.fsUnexemptFromSession
                0x0017c600       0x54 c:/devkitPro/libctru/lib\libctru.a(fs.o)
                0x0017c600                fsUnexemptFromSession
 .text.FSUSER_OpenFile
                0x0017c654       0xbc c:/devkitPro/libctru/lib\libctru.a(fs.o)
                0x0017c654                FSUSER_OpenFile
 .text.FSUSER_DeleteFile
                0x0017c710       0xa4 c:/devkitPro/libctru/lib\libctru.a(fs.o)
                0x0017c710                FSUSER_DeleteFile
 .text.FSUSER_RenameFile
                0x0017c7b4       0xe0 c:/devkitPro/libctru/lib\libctru.a(fs.o)
                0x0017c7b4                FSUSER_RenameFile
 .text.FSUSER_DeleteDirectory
                0x0017c894       0xa4 c:/devkitPro/libctru/lib\libctru.a(fs.o)
                0x0017c894                FSUSER_DeleteDirectory
 .text.FSUSER_CreateFile
                0x0017c938       0xbc c:/devkitPro/libctru/lib\libctru.a(fs.o)
                0x0017c938                FSUSER_CreateFile
 .text.FSUSER_CreateDirectory
                0x0017c9f4       0xac c:/devkitPro/libctru/lib\libctru.a(fs.o)
                0x0017c9f4                FSUSER_CreateDirectory
 .text.FSUSER_RenameDirectory
                0x0017caa0       0xe0 c:/devkitPro/libctru/lib\libctru.a(fs.o)
                0x0017caa0                FSUSER_RenameDirectory
 .text.FSUSER_OpenDirectory
                0x0017cb80       0xa4 c:/devkitPro/libctru/lib\libctru.a(fs.o)
                0x0017cb80                FSUSER_OpenDirectory
 .text.FSUSER_OpenArchive
                0x0017cc24       0x9c c:/devkitPro/libctru/lib\libctru.a(fs.o)
                0x0017cc24                FSUSER_OpenArchive
 .text.FSUSER_CloseArchive
                0x0017ccc0       0x74 c:/devkitPro/libctru/lib\libctru.a(fs.o)
                0x0017ccc0                FSUSER_CloseArchive
 .text.FSUSER_GetSdmcArchiveResource
                0x0017cd34       0x78 c:/devkitPro/libctru/lib\libctru.a(fs.o)
                0x0017cd34                FSUSER_GetSdmcArchiveResource
 .text.FSUSER_IsSdmcWritable
                0x0017cdac       0x64 c:/devkitPro/libctru/lib\libctru.a(fs.o)
                0x0017cdac                FSUSER_IsSdmcWritable
 .text.FSFILE_Read
                0x0017ce10       0x5c c:/devkitPro/libctru/lib\libctru.a(fs.o)
                0x0017ce10                FSFILE_Read
 .text.FSFILE_Write
                0x0017ce6c       0x64 c:/devkitPro/libctru/lib\libctru.a(fs.o)
                0x0017ce6c                FSFILE_Write
 .text.FSFILE_GetSize
                0x0017ced0       0x3c c:/devkitPro/libctru/lib\libctru.a(fs.o)
                0x0017ced0                FSFILE_GetSize
 .text.FSFILE_SetSize
                0x0017cf0c       0x2c c:/devkitPro/libctru/lib\libctru.a(fs.o)
                0x0017cf0c                FSFILE_SetSize
 .text.FSFILE_Close
                0x0017cf38       0x3c c:/devkitPro/libctru/lib\libctru.a(fs.o)
                0x0017cf38                FSFILE_Close
 .text.FSFILE_Flush
                0x0017cf74       0x24 c:/devkitPro/libctru/lib\libctru.a(fs.o)
                0x0017cf74                FSFILE_Flush
 .text.FSDIR_Read
                0x0017cf98       0x54 c:/devkitPro/libctru/lib\libctru.a(fs.o)
                0x0017cf98                FSDIR_Read
 .text.FSDIR_Close
                0x0017cfec       0x3c c:/devkitPro/libctru/lib\libctru.a(fs.o)
                0x0017cfec                FSDIR_Close
 .text.decode_utf8
                0x0017d028      0x138 c:/devkitPro/libctru/lib\libctru.a(decode_utf8.o)
                0x0017d028                decode_utf8
 .text.utf16_to_utf8
                0x0017d160       0xe4 c:/devkitPro/libctru/lib\libctru.a(utf16_to_utf8.o)
                0x0017d160                utf16_to_utf8
 .text.utf8_to_utf16
                0x0017d244       0xbc c:/devkitPro/libctru/lib\libctru.a(utf8_to_utf16.o)
                0x0017d244                utf8_to_utf16
 .text.__aeabi_read_tp
                0x0017d300        0xc c:/devkitPro/libctru/lib\libctru.a(readtp.o)
                0x0017d300                __aeabi_read_tp
 .text.decode_utf16
                0x0017d30c       0x60 c:/devkitPro/libctru/lib\libctru.a(decode_utf16.o)
                0x0017d30c                decode_utf16
 .text.encode_utf16
                0x0017d36c       0x68 c:/devkitPro/libctru/lib\libctru.a(encode_utf16.o)
                0x0017d36c                encode_utf16
 .text.encode_utf8
                0x0017d3d4      0x104 c:/devkitPro/libctru/lib\libctru.a(encode_utf8.o)
                0x0017d3d4                encode_utf8
 .text.atol     0x0017d4d8        0xc c:/devkitpro/devkitarm/bin/../lib/gcc/arm-none-eabi/5.3.0/../../../../arm-none-eabi/lib/armv6k/fpu\libg.a(lib_a-atol.o)
                0x0017d4d8                atol
 .text.bsearch  0x0017d4e4       0x78 c:/devkitpro/devkitarm/bin/../lib/gcc/arm-none-eabi/5.3.0/../../../../arm-none-eabi/lib/armv6k/fpu\libg.a(lib_a-bsearch.o)
                0x0017d4e4                bsearch
 .text.calloc   0x0017d55c       0x20 c:/devkitpro/devkitarm/bin/../lib/gcc/arm-none-eabi/5.3.0/../../../../arm-none-eabi/lib/armv6k/fpu\libg.a(lib_a-calloc.o)
                0x0017d55c                calloc
 .text._calloc_r
                0x0017d57c       0x90 c:/devkitpro/devkitarm/bin/../lib/gcc/arm-none-eabi/5.3.0/../../../../arm-none-eabi/lib/armv6k/fpu\libg.a(lib_a-callocr.o)
                0x0017d57c                _calloc_r
 .text.__errno  0x0017d60c        0xc c:/devkitpro/devkitarm/bin/../lib/gcc/arm-none-eabi/5.3.0/../../../../arm-none-eabi/lib/armv6k/fpu\libg.a(lib_a-errno.o)
                0x0017d60c                __errno
 .text._fclose_r
                0x0017d618      0x120 c:/devkitpro/devkitarm/bin/../lib/gcc/arm-none-eabi/5.3.0/../../../../arm-none-eabi/lib/armv6k/fpu\libg.a(lib_a-fclose.o)
                0x0017d618                _fclose_r
 .text.fclose   0x0017d738       0x18 c:/devkitpro/devkitarm/bin/../lib/gcc/arm-none-eabi/5.3.0/../../../../arm-none-eabi/lib/armv6k/fpu\libg.a(lib_a-fclose.o)
                0x0017d738                fclose
 .text.__sflush_r
                0x0017d750      0x230 c:/devkitpro/devkitarm/bin/../lib/gcc/arm-none-eabi/5.3.0/../../../../arm-none-eabi/lib/armv6k/fpu\libg.a(lib_a-fflush.o)
                0x0017d750                __sflush_r
 .text._fflush_r
                0x0017d980       0x90 c:/devkitpro/devkitarm/bin/../lib/gcc/arm-none-eabi/5.3.0/../../../../arm-none-eabi/lib/armv6k/fpu\libg.a(lib_a-fflush.o)
                0x0017d980                _fflush_r
 .text.fflush   0x0017da10       0x38 c:/devkitpro/devkitarm/bin/../lib/gcc/arm-none-eabi/5.3.0/../../../../arm-none-eabi/lib/armv6k/fpu\libg.a(lib_a-fflush.o)
                0x0017da10                fflush
 .text._cleanup_r
                0x0017da48        0xc c:/devkitpro/devkitarm/bin/../lib/gcc/arm-none-eabi/5.3.0/../../../../arm-none-eabi/lib/armv6k/fpu\libg.a(lib_a-findfp.o)
                0x0017da48                _cleanup_r
 .text.std.isra.0
                0x0017da54       0x80 c:/devkitpro/devkitarm/bin/../lib/gcc/arm-none-eabi/5.3.0/../../../../arm-none-eabi/lib/armv6k/fpu\libg.a(lib_a-findfp.o)
 .text.__sfmoreglue
                0x0017dad4       0x48 c:/devkitpro/devkitarm/bin/../lib/gcc/arm-none-eabi/5.3.0/../../../../arm-none-eabi/lib/armv6k/fpu\libg.a(lib_a-findfp.o)
                0x0017dad4                __sfmoreglue
 .text.__sinit  0x0017db1c       0x8c c:/devkitpro/devkitarm/bin/../lib/gcc/arm-none-eabi/5.3.0/../../../../arm-none-eabi/lib/armv6k/fpu\libg.a(lib_a-findfp.o)
                0x0017db1c                __sinit
 .text.__sfp    0x0017dba8      0x11c c:/devkitpro/devkitarm/bin/../lib/gcc/arm-none-eabi/5.3.0/../../../../arm-none-eabi/lib/armv6k/fpu\libg.a(lib_a-findfp.o)
                0x0017dba8                __sfp
 .text.__sfp_lock_acquire
                0x0017dcc4        0xc c:/devkitpro/devkitarm/bin/../lib/gcc/arm-none-eabi/5.3.0/../../../../arm-none-eabi/lib/armv6k/fpu\libg.a(lib_a-findfp.o)
                0x0017dcc4                __sfp_lock_acquire
 .text.__sfp_lock_release
                0x0017dcd0        0xc c:/devkitpro/devkitarm/bin/../lib/gcc/arm-none-eabi/5.3.0/../../../../arm-none-eabi/lib/armv6k/fpu\libg.a(lib_a-findfp.o)
                0x0017dcd0                __sfp_lock_release
 .text.__libc_fini_array
                0x0017dcdc       0x3c c:/devkitpro/devkitarm/bin/../lib/gcc/arm-none-eabi/5.3.0/../../../../arm-none-eabi/lib/armv6k/fpu\libg.a(lib_a-fini.o)
                0x0017dcdc                __libc_fini_array
 .text._fopen_r
                0x0017dd18      0x13c c:/devkitpro/devkitarm/bin/../lib/gcc/arm-none-eabi/5.3.0/../../../../arm-none-eabi/lib/armv6k/fpu\libg.a(lib_a-fopen.o)
                0x0017dd18                _fopen_r
 .text.fopen    0x0017de54       0x20 c:/devkitpro/devkitarm/bin/../lib/gcc/arm-none-eabi/5.3.0/../../../../arm-none-eabi/lib/armv6k/fpu\libg.a(lib_a-fopen.o)
                0x0017de54                fopen
 .text._fread_r
                0x0017de74      0x2ec c:/devkitpro/devkitarm/bin/../lib/gcc/arm-none-eabi/5.3.0/../../../../arm-none-eabi/lib/armv6k/fpu\libg.a(lib_a-fread.o)
                0x0017de74                _fread_r
 .text.fread    0x0017e160       0x38 c:/devkitpro/devkitarm/bin/../lib/gcc/arm-none-eabi/5.3.0/../../../../arm-none-eabi/lib/armv6k/fpu\libg.a(lib_a-fread.o)
                0x0017e160                fread
 .text._malloc_trim_r
                0x0017e198       0xf8 c:/devkitpro/devkitarm/bin/../lib/gcc/arm-none-eabi/5.3.0/../../../../arm-none-eabi/lib/armv6k/fpu\libg.a(lib_a-freer.o)
                0x0017e198                _malloc_trim_r
 .text._free_r  0x0017e290      0x2e4 c:/devkitpro/devkitarm/bin/../lib/gcc/arm-none-eabi/5.3.0/../../../../arm-none-eabi/lib/armv6k/fpu\libg.a(lib_a-freer.o)
                0x0017e290                _free_r
 .text._fseek_r
                0x0017e574        0x4 c:/devkitpro/devkitarm/bin/../lib/gcc/arm-none-eabi/5.3.0/../../../../arm-none-eabi/lib/armv6k/fpu\libg.a(lib_a-fseek.o)
                0x0017e574                _fseek_r
 .text.fseek    0x0017e578       0x28 c:/devkitpro/devkitarm/bin/../lib/gcc/arm-none-eabi/5.3.0/../../../../arm-none-eabi/lib/armv6k/fpu\libg.a(lib_a-fseek.o)
                0x0017e578                fseek
 .text._fseeko_r
                0x0017e5a0      0x4f8 c:/devkitpro/devkitarm/bin/../lib/gcc/arm-none-eabi/5.3.0/../../../../arm-none-eabi/lib/armv6k/fpu\libg.a(lib_a-fseeko.o)
                0x0017e5a0                _fseeko_r
 .text.ftell    0x0017ea98       0x18 c:/devkitpro/devkitarm/bin/../lib/gcc/arm-none-eabi/5.3.0/../../../../arm-none-eabi/lib/armv6k/fpu\libg.a(lib_a-ftell.o)
                0x0017ea98                ftell
 .text._ftello_r
                0x0017eab0      0x164 c:/devkitpro/devkitarm/bin/../lib/gcc/arm-none-eabi/5.3.0/../../../../arm-none-eabi/lib/armv6k/fpu\libg.a(lib_a-ftello.o)
                0x0017eab0                _ftello_r
 .text._fwalk   0x0017ec14       0x78 c:/devkitpro/devkitarm/bin/../lib/gcc/arm-none-eabi/5.3.0/../../../../arm-none-eabi/lib/armv6k/fpu\libg.a(lib_a-fwalk.o)
                0x0017ec14                _fwalk
 .text._fwalk_reent
                0x0017ec8c       0x80 c:/devkitpro/devkitarm/bin/../lib/gcc/arm-none-eabi/5.3.0/../../../../arm-none-eabi/lib/armv6k/fpu\libg.a(lib_a-fwalk.o)
                0x0017ec8c                _fwalk_reent
 .text.__libc_init_array
                0x0017ed0c       0x78 c:/devkitpro/devkitarm/bin/../lib/gcc/arm-none-eabi/5.3.0/../../../../arm-none-eabi/lib/armv6k/fpu\libg.a(lib_a-init.o)
                0x0017ed0c                __libc_init_array
 .text.__smakebuf_r
                0x0017ed84      0x160 c:/devkitpro/devkitarm/bin/../lib/gcc/arm-none-eabi/5.3.0/../../../../arm-none-eabi/lib/armv6k/fpu\libg.a(lib_a-makebuf.o)
                0x0017ed84                __smakebuf_r
 .text.memalign
                0x0017eee4       0x20 c:/devkitpro/devkitarm/bin/../lib/gcc/arm-none-eabi/5.3.0/../../../../arm-none-eabi/lib/armv6k/fpu\libg.a(lib_a-malign.o)
                0x0017eee4                memalign
 .text._memalign_r
                0x0017ef04      0x15c c:/devkitpro/devkitarm/bin/../lib/gcc/arm-none-eabi/5.3.0/../../../../arm-none-eabi/lib/armv6k/fpu\libg.a(lib_a-malignr.o)
                0x0017ef04                _memalign_r
 .text.malloc   0x0017f060       0x18 c:/devkitpro/devkitarm/bin/../lib/gcc/arm-none-eabi/5.3.0/../../../../arm-none-eabi/lib/armv6k/fpu\libg.a(lib_a-malloc.o)
                0x0017f060                malloc
 .text.free     0x0017f078       0x18 c:/devkitpro/devkitarm/bin/../lib/gcc/arm-none-eabi/5.3.0/../../../../arm-none-eabi/lib/armv6k/fpu\libg.a(lib_a-malloc.o)
                0x0017f078                free
 .text._malloc_r
                0x0017f090      0x7a8 c:/devkitpro/devkitarm/bin/../lib/gcc/arm-none-eabi/5.3.0/../../../../arm-none-eabi/lib/armv6k/fpu\libg.a(lib_a-mallocr.o)
                0x0017f090                _malloc_r
 .text.memchr   0x0017f838      0x100 c:/devkitpro/devkitarm/bin/../lib/gcc/arm-none-eabi/5.3.0/../../../../arm-none-eabi/lib/armv6k/fpu\libg.a(lib_a-memchr.o)
                0x0017f838                memchr
 .text.memcmp   0x0017f938       0xa8 c:/devkitpro/devkitarm/bin/../lib/gcc/arm-none-eabi/5.3.0/../../../../arm-none-eabi/lib/armv6k/fpu\libg.a(lib_a-memcmp.o)
                0x0017f938                memcmp
 .text.memcpy   0x0017f9e0       0xf0 c:/devkitpro/devkitarm/bin/../lib/gcc/arm-none-eabi/5.3.0/../../../../arm-none-eabi/lib/armv6k/fpu\libg.a(lib_a-memcpy.o)
                0x0017f9e0                memcpy
 .text.memmove  0x0017fad0      0x128 c:/devkitpro/devkitarm/bin/../lib/gcc/arm-none-eabi/5.3.0/../../../../arm-none-eabi/lib/armv6k/fpu\libg.a(lib_a-memmove.o)
                0x0017fad0                memmove
 .text.memset   0x0017fbf8       0xf4 c:/devkitpro/devkitarm/bin/../lib/gcc/arm-none-eabi/5.3.0/../../../../arm-none-eabi/lib/armv6k/fpu\libg.a(lib_a-memset.o)
                0x0017fbf8                memset
 .text.__malloc_lock
                0x0017fcec        0xc c:/devkitpro/devkitarm/bin/../lib/gcc/arm-none-eabi/5.3.0/../../../../arm-none-eabi/lib/armv6k/fpu\libg.a(lib_a-mlock.o)
                0x0017fcec                __malloc_lock
 .text.__malloc_unlock
                0x0017fcf8        0xc c:/devkitpro/devkitarm/bin/../lib/gcc/arm-none-eabi/5.3.0/../../../../arm-none-eabi/lib/armv6k/fpu\libg.a(lib_a-mlock.o)
                0x0017fcf8                __malloc_unlock
 .text.qsort    0x0017fd04      0x890 c:/devkitpro/devkitarm/bin/../lib/gcc/arm-none-eabi/5.3.0/../../../../arm-none-eabi/lib/armv6k/fpu\libg.a(lib_a-qsort.o)
                0x0017fd04                qsort
 .text.srand    0x00180594       0x1c c:/devkitpro/devkitarm/bin/../lib/gcc/arm-none-eabi/5.3.0/../../../../arm-none-eabi/lib/armv6k/fpu\libg.a(lib_a-rand.o)
                0x00180594                srand
 .text.realloc  0x001805b0       0x20 c:/devkitpro/devkitarm/bin/../lib/gcc/arm-none-eabi/5.3.0/../../../../arm-none-eabi/lib/armv6k/fpu\libg.a(lib_a-realloc.o)
                0x001805b0                realloc
 .text._realloc_r
                0x001805d0      0x4c0 c:/devkitpro/devkitarm/bin/../lib/gcc/arm-none-eabi/5.3.0/../../../../arm-none-eabi/lib/armv6k/fpu\libg.a(lib_a-reallocr.o)
                0x001805d0                _realloc_r
 .text.lflush   0x00180a90       0x1c c:/devkitpro/devkitarm/bin/../lib/gcc/arm-none-eabi/5.3.0/../../../../arm-none-eabi/lib/armv6k/fpu\libg.a(lib_a-refill.o)
 .text.__srefill_r
                0x00180aac      0x1d8 c:/devkitpro/devkitarm/bin/../lib/gcc/arm-none-eabi/5.3.0/../../../../arm-none-eabi/lib/armv6k/fpu\libg.a(lib_a-refill.o)
                0x00180aac                __srefill_r
 .text.sprintf  0x00180c84       0x68 c:/devkitpro/devkitarm/bin/../lib/gcc/arm-none-eabi/5.3.0/../../../../arm-none-eabi/lib/armv6k/fpu\libg.a(lib_a-sprintf.o)
                0x00180c84                sprintf